Component: ARM Compiler 5.05 update 1 (build 106) Tool: armlink [4d0efa]

==============================================================================

Section Cross References

    startup_stm32f427x.o(RESET) refers to startup_stm32f427x.o(STACK) for __initial_sp
    startup_stm32f427x.o(RESET) refers to startup_stm32f427x.o(.text) for Reset_Handler
    startup_stm32f427x.o(RESET) refers to stm32f4xx_it.o(i.NMI_Handler) for NMI_Handler
    startup_stm32f427x.o(RESET) refers to stm32f4xx_it.o(i.HardFault_Handler) for HardFault_Handler
    startup_stm32f427x.o(RESET) refers to stm32f4xx_it.o(i.MemManage_Handler) for MemManage_Handler
    startup_stm32f427x.o(RESET) refers to stm32f4xx_it.o(i.BusFault_Handler) for BusFault_Handler
    startup_stm32f427x.o(RESET) refers to stm32f4xx_it.o(i.UsageFault_Handler) for UsageFault_Handler
    startup_stm32f427x.o(RESET) refers to stm32f4xx_it.o(i.DebugMon_Handler) for DebugMon_Handler
    startup_stm32f427x.o(RESET) refers to stm32f4xx_it.o(i.SysTick_Handler) for SysTick_Handler
    startup_stm32f427x.o(RESET) refers to stm32f4xx_it.o(i.EXTI1_IRQHandler) for EXTI1_IRQHandler
    startup_stm32f427x.o(RESET) refers to can.o(i.CAN1_RX0_IRQHandler) for CAN1_RX0_IRQHandler
    startup_stm32f427x.o(RESET) refers to serial_hand.o(i.USART1_IRQHandler) for USART1_IRQHandler
    startup_stm32f427x.o(RESET) refers to stm32f4xx_it.o(i.EXTI15_10_IRQHandler) for EXTI15_10_IRQHandler
    startup_stm32f427x.o(RESET) refers to stm32f4xx_it.o(i.ETH_IRQHandler) for ETH_IRQHandler
    startup_stm32f427x.o(.text) refers to system_stm32f4xx.o(i.SystemInit) for SystemInit
    startup_stm32f427x.o(.text) refers to entry.o(.ARM.Collect$$$$00000000) for __main
    system_stm32f4xx.o(i.SystemCoreClockUpdate) refers to system_stm32f4xx.o(.data) for .data
    system_stm32f4xx.o(i.SystemInit) refers to system_stm32f4xx.o(i.SetSysClock) for SetSysClock
    stm32f4xx_it.o(i.ETH_IRQHandler) refers to stm32f4x7_eth.o(i.ETH_GetDMAFlagStatus) for ETH_GetDMAFlagStatus
    stm32f4xx_it.o(i.ETH_IRQHandler) refers to netconf.o(i.LwIP_Pkt_Handle) for LwIP_Pkt_Handle
    stm32f4xx_it.o(i.ETH_IRQHandler) refers to stm32f4x7_eth.o(i.ETH_GetRxPktSize) for ETH_GetRxPktSize
    stm32f4xx_it.o(i.ETH_IRQHandler) refers to stm32f4x7_eth.o(i.ETH_DMAClearITPendingBit) for ETH_DMAClearITPendingBit
    stm32f4xx_it.o(i.EXTI1_IRQHandler) refers to stm32f4xx_exti.o(i.EXTI_GetITStatus) for EXTI_GetITStatus
    stm32f4xx_it.o(i.EXTI1_IRQHandler) refers to stmptp_sys_time.o(i.getTime) for getTime
    stm32f4xx_it.o(i.EXTI1_IRQHandler) refers to stm32f4xx_gpio.o(i.GPIO_SetBits) for GPIO_SetBits
    stm32f4xx_it.o(i.EXTI1_IRQHandler) refers to stm32f4xx_exti.o(i.EXTI_ClearITPendingBit) for EXTI_ClearITPendingBit
    stm32f4xx_it.o(i.EXTI1_IRQHandler) refers to main.o(.bss) for sTime
    stm32f4xx_it.o(i.EXTI1_IRQHandler) refers to ntp.o(.data) for ntpsendf
    stm32f4xx_it.o(i.SysTick_Handler) refers to main.o(i.Time_Update) for Time_Update
    stm32f4x7_eth_bsp.o(i.ETH_GPIO_Config) refers to stm32f4xx_rcc.o(i.RCC_AHB1PeriphClockCmd) for RCC_AHB1PeriphClockCmd
    stm32f4x7_eth_bsp.o(i.ETH_GPIO_Config) refers to stm32f4xx_rcc.o(i.RCC_APB2PeriphClockCmd) for RCC_APB2PeriphClockCmd
    stm32f4x7_eth_bsp.o(i.ETH_GPIO_Config) refers to stm32f4xx_syscfg.o(i.SYSCFG_ETH_MediaInterfaceConfig) for SYSCFG_ETH_MediaInterfaceConfig
    stm32f4x7_eth_bsp.o(i.ETH_GPIO_Config) refers to stm32f4xx_gpio.o(i.GPIO_Init) for GPIO_Init
    stm32f4x7_eth_bsp.o(i.ETH_GPIO_Config) refers to stm32f4xx_gpio.o(i.GPIO_PinAFConfig) for GPIO_PinAFConfig
    stm32f4x7_eth_bsp.o(i.ETH_GPIO_Config) refers to stm32f4xx_gpio.o(i.GPIO_ResetBits) for GPIO_ResetBits
    stm32f4x7_eth_bsp.o(i.ETH_GPIO_Config) refers to stm32f4xx_gpio.o(i.GPIO_SetBits) for GPIO_SetBits
    stm32f4x7_eth_bsp.o(i.ETH_MACDMA_Config) refers to stm32f4xx_rcc.o(i.RCC_AHB1PeriphClockCmd) for RCC_AHB1PeriphClockCmd
    stm32f4x7_eth_bsp.o(i.ETH_MACDMA_Config) refers to stm32f4x7_eth.o(i.ETH_DeInit) for ETH_DeInit
    stm32f4x7_eth_bsp.o(i.ETH_MACDMA_Config) refers to stm32f4x7_eth.o(i.ETH_SoftwareReset) for ETH_SoftwareReset
    stm32f4x7_eth_bsp.o(i.ETH_MACDMA_Config) refers to stm32f4x7_eth.o(i.ETH_GetSoftwareResetStatus) for ETH_GetSoftwareResetStatus
    stm32f4x7_eth_bsp.o(i.ETH_MACDMA_Config) refers to stm32f4x7_eth.o(i.ETH_StructInit) for ETH_StructInit
    stm32f4x7_eth_bsp.o(i.ETH_MACDMA_Config) refers to stm32f4x7_eth.o(i.ETH_Init) for ETH_Init
    stm32f4x7_eth_bsp.o(i.ETH_MACDMA_Config) refers to stm32f4x7_eth.o(i.ETH_DMAITConfig) for ETH_DMAITConfig
    stm32f4x7_eth_bsp.o(i.ETH_MACDMA_Config) refers to stm32f4x7_eth_bsp.o(.bss) for .bss
    stm32f4x7_eth_bsp.o(i.ETH_MACDMA_Config) refers to stm32f4x7_eth_bsp.o(.data) for .data
    stm32f4x7_eth_bsp.o(i.ETH_link_callback) refers to stm32f4x7_eth.o(i.ETH_WritePHYRegister) for ETH_WritePHYRegister
    stm32f4x7_eth_bsp.o(i.ETH_link_callback) refers to stm32f4x7_eth.o(i.ETH_ReadPHYRegister) for ETH_ReadPHYRegister
[...]
    lwip_ntohs                               0x080089e1   Thumb Code     4  def.o(i.lwip_ntohs)
    m1                                       0x08008a3d   Thumb Code   134  bmc.o(i.m1)
    main                                     0x08008ac5   Thumb Code   286  main.o(i.main)
    malloc                                   0x08008c35   Thumb Code    92  malloc.o(i.malloc)
    mem_free                                 0x08008ca1   Thumb Code    58  mem.o(i.mem_free)
    mem_init                                 0x08008ce1   Thumb Code    42  mem.o(i.mem_init)
    mem_malloc                               0x08008d15   Thumb Code   162  mem.o(i.mem_malloc)
    mem_trim                                 0x08008dbd   Thumb Code   214  mem.o(i.mem_trim)
    memp_free                                0x08008e99   Thumb Code    36  memp.o(i.memp_free)
    memp_init                                0x08008ec1   Thumb Code    78  memp.o(i.memp_init)
    memp_malloc                              0x08008f19   Thumb Code    38  memp.o(i.memp_malloc)
    msgDebugAnnounce                         0x08008f45   Thumb Code   316  msg.o(i.msgDebugAnnounce)
    msgDebugDelayResp                        0x08009241   Thumb Code   130  msg.o(i.msgDebugDelayResp)
    msgDebugFollowUp                         0x0800938d   Thumb Code    54  msg.o(i.msgDebugFollowUp)
    msgDebugHeader                           0x0800944d   Thumb Code   306  msg.o(i.msgDebugHeader)
    msgDebugManagement                       0x08009715   Thumb Code   194  msg.o(i.msgDebugManagement)
    msgDebugSync                             0x080098c1   Thumb Code    54  msg.o(i.msgDebugSync)
    msgDump                                  0x08009969   Thumb Code   108  msg.o(i.msgDump)
    msgPackAnnounce                          0x08009a09   Thumb Code   220  msg.o(i.msgPackAnnounce)
    msgPackDelayReq                          0x08009afd   Thumb Code    88  msg.o(i.msgPackDelayReq)
    msgPackDelayResp                         0x08009b55   Thumb Code   142  msg.o(i.msgPackDelayResp)
    msgPackFollowUp                          0x08009be9   Thumb Code   100  msg.o(i.msgPackFollowUp)
    msgPackHeader                            0x08009c51   Thumb Code    68  msg.o(i.msgPackHeader)
    msgPackManagement                        0x08009c99   Thumb Code    10  msg.o(i.msgPackManagement)
    msgPackManagementErrorStatusTLV          0x08009ca3   Thumb Code    32  msg.o(i.msgPackManagementErrorStatusTLV)
    msgPackManagementTLV                     0x08009cc3   Thumb Code   356  msg.o(i.msgPackManagementTLV)
    msgPackPDelayReq                         0x08009e27   Thumb Code    94  msg.o(i.msgPackPDelayReq)
    msgPackPDelayResp                        0x08009e85   Thumb Code   124  msg.o(i.msgPackPDelayResp)
    msgPackPDelayRespFollowUp                0x08009f01   Thumb Code   118  msg.o(i.msgPackPDelayRespFollowUp)
    msgPackSync                              0x08009f79   Thumb Code   108  msg.o(i.msgPackSync)
    msgUnpackAnnounce                        0x08009fe9   Thumb Code    98  msg.o(i.msgUnpackAnnounce)
    msgUnpackDelayResp                       0x0800a04b   Thumb Code    48  msg.o(i.msgUnpackDelayResp)
    msgUnpackFollowUp                        0x0800a07b   Thumb Code    32  msg.o(i.msgUnpackFollowUp)
    msgUnpackHeader                          0x0800a09b   Thumb Code   128  msg.o(i.msgUnpackHeader)
    msgUnpackManagement                      0x0800a11b   Thumb Code    46  msg.o(i.msgUnpackManagement)
    msgUnpackPDelayResp                      0x0800a149   Thumb Code    48  msg.o(i.msgUnpackPDelayResp)
    msgUnpackPDelayRespFollowUp              0x0800a179   Thumb Code    48  msg.o(i.msgUnpackPDelayRespFollowUp)
    msgUnpackSync                            0x0800a1a9   Thumb Code    32  msg.o(i.msgUnpackSync)
    netEmptyEventQ                           0x0800a1c9   Thumb Code    30  net.o(i.netEmptyEventQ)
    netInit                                  0x0800a1e9   Thumb Code   306  net.o(i.netInit)
    netRecvEvent                             0x0800a525   Thumb Code    20  net.o(i.netRecvEvent)
    netRecvGeneral                           0x0800a5a1   Thumb Code    20  net.o(i.netRecvGeneral)
    netSelect                                0x0800a61d   Thumb Code    30  net.o(i.netSelect)
    netSendEvent                             0x0800a75d   Thumb Code    26  net.o(i.netSendEvent)
    netSendGeneral                           0x0800a777   Thumb Code    24  net.o(i.netSendGeneral)
    netSendPeerEvent                         0x0800a78f   Thumb Code    26  net.o(i.netSendPeerEvent)
    netSendPeerGeneral                       0x0800a7a9   Thumb Code    24  net.o(i.netSendPeerGeneral)
    netShutdown                              0x0800a7c1   Thumb Code    84  net.o(i.netShutdown)
    netif_add                                0x0800a815   Thumb Code    84  netif.o(i.netif_add)
    netif_set_addr                           0x0800a86d   Thumb Code    32  netif.o(i.netif_set_addr)
    netif_set_default                        0x0800a88d   Thumb Code     6  netif.o(i.netif_set_default)
    netif_set_gw                             0x0800a899   Thumb Code     8  netif.o(i.netif_set_gw)
    netif_set_ipaddr                         0x0800a8a1   Thumb Code    96  netif.o(i.netif_set_ipaddr)
    netif_set_netmask                        0x0800a909   Thumb Code     8  netif.o(i.netif_set_netmask)
    netif_set_up                             0x0800a911   Thumb Code    56  netif.o(i.netif_set_up)
    normalizeTime                            0x0800a949   Thumb Code    66  arith.o(i.normalizeTime)
    offset_time                              0x0800a995   Thumb Code   126  share.o(i.offset_time)
    p1                                       0x0800aa43   Thumb Code    22  bmc.o(i.p1)
    packClockIdentity                        0x0800aa59   Thumb Code    16  msg.o(i.packClockIdentity)
    packClockQuality                         0x0800aa69   Thumb Code    18  msg.o(i.packClockQuality)
    packEnumeration16                        0x0800aa7b   Thumb Code    14  msg.o(i.packEnumeration16)
    packEnumeration4Lower                    0x0800aa89   Thumb Code    16  msg.o(i.packEnumeration4Lower)
    packInteger16                            0x0800aa99   Thumb Code    14  msg.o(i.packInteger16)
    packInteger32                            0x0800aaa7   Thumb Code    14  msg.o(i.packInteger32)
    packMMAnnounceReceiptTimeout             0x0800aab5   Thumb Code    20  msg.o(i.packMMAnnounceReceiptTimeout)
    packMMClockAccuracy                      0x0800aac9   Thumb Code    20  msg.o(i.packMMClockAccuracy)
    packMMClockDescription                   0x0800aadd   Thumb Code   236  msg.o(i.packMMClockDescription)
    packMMCurrentDataSet                     0x0800abc9   Thumb Code    16  msg.o(i.packMMCurrentDataSet)
    packMMDefaultDataSet                     0x0800abd9   Thumb Code    82  msg.o(i.packMMDefaultDataSet)
    packMMDelayMechanism                     0x0800ac2b   Thumb Code    20  msg.o(i.packMMDelayMechanism)
    packMMDomain                             0x0800ac3f   Thumb Code    20  msg.o(i.packMMDomain)
    packMMErrorStatus                        0x0800ac53   Thumb Code    58  msg.o(i.packMMErrorStatus)
    packMMInitialize                         0x0800ac8d   Thumb Code    16  msg.o(i.packMMInitialize)
    packMMLogAnnounceInterval                0x0800ac9d   Thumb Code    20  msg.o(i.packMMLogAnnounceInterval)
    packMMLogMinPdelayReqInterval            0x0800acb1   Thumb Code    20  msg.o(i.packMMLogMinPdelayReqInterval)
    packMMLogSyncInterval                    0x0800acc5   Thumb Code    20  msg.o(i.packMMLogSyncInterval)
    packMMParentDataSet                      0x0800acd9   Thumb Code    92  msg.o(i.packMMParentDataSet)
    packMMPortDataSet                        0x0800ad35   Thumb Code    86  msg.o(i.packMMPortDataSet)
    packMMPriority1                          0x0800ad8b   Thumb Code    20  msg.o(i.packMMPriority1)
    packMMPriority2                          0x0800ad9f   Thumb Code    20  msg.o(i.packMMPriority2)
    packMMSlaveOnly                          0x0800adb3   Thumb Code    20  msg.o(i.packMMSlaveOnly)
    packMMTime                               0x0800adc7   Thumb Code    16  msg.o(i.packMMTime)
    packMMTimePropertiesDataSet              0x0800add7   Thumb Code    32  msg.o(i.packMMTimePropertiesDataSet)
    packMMTraceabilityProperties             0x0800adf7   Thumb Code    20  msg.o(i.packMMTraceabilityProperties)
    packMMUserDescription                    0x0800ae0b   Thumb Code    36  msg.o(i.packMMUserDescription)
    packMMUtcProperties                      0x0800ae2f   Thumb Code    32  msg.o(i.packMMUtcProperties)
    packMMVersionNumber                      0x0800ae4f   Thumb Code    36  msg.o(i.packMMVersionNumber)
    packManagementTLV                        0x0800ae73   Thumb Code    36  msg.o(i.packManagementTLV)
    packMsgHeader                            0x0800ae97   Thumb Code    82  msg.o(i.packMsgHeader)
    packMsgManagement                        0x0800aee9   Thumb Code    84  msg.o(i.packMsgManagement)
    packNibbleUpper                          0x0800af3d   Thumb Code    18  msg.o(i.packNibbleUpper)
    packPTPText                              0x0800af4f   Thumb Code    22  msg.o(i.packPTPText)
    packPhysicalAddress                      0x0800af65   Thumb Code    30  msg.o(i.packPhysicalAddress)
    packPortIdentity                         0x0800af83   Thumb Code    26  msg.o(i.packPortIdentity)
    packTimestamp                            0x0800af9d   Thumb Code     8  msg.o(i.packTimestamp)
    packUInteger16                           0x0800afa5   Thumb Code    14  msg.o(i.packUInteger16)
    packUInteger32                           0x0800afb3   Thumb Code    14  msg.o(i.packUInteger32)
    packUInteger4Lower                       0x0800afc1   Thumb Code    16  msg.o(i.packUInteger4Lower)
    pbuf_alloc                               0x0800afd1   Thumb Code   280  pbuf.o(i.pbuf_alloc)
    pbuf_alloced_custom                      0x0800b0e9   Thumb Code    84  pbuf.o(i.pbuf_alloced_custom)
    pbuf_cat                                 0x0800b13d   Thumb Code    40  pbuf.o(i.pbuf_cat)
    pbuf_chain                               0x0800b165   Thumb Code    18  pbuf.o(i.pbuf_chain)
    pbuf_clen                                0x0800b177   Thumb Code    18  pbuf.o(i.pbuf_clen)
    pbuf_copy                                0x0800b189   Thumb Code   154  pbuf.o(i.pbuf_copy)
    pbuf_copy_partial                        0x0800b223   Thumb Code   104  pbuf.o(i.pbuf_copy_partial)
    pbuf_free                                0x0800b28b   Thumb Code    96  pbuf.o(i.pbuf_free)
    pbuf_header                              0x0800b2eb   Thumb Code    96  pbuf.o(i.pbuf_header)
    pbuf_realloc                             0x0800b34b   Thumb Code    78  pbuf.o(i.pbuf_realloc)
    pbuf_ref                                 0x0800b399   Thumb Code    26  pbuf.o(i.pbuf_ref)
    pbuf_take                                0x0800b3b3   Thumb Code    78  pbuf.o(i.pbuf_take)
    portState_getName                        0x0800b455   Thumb Code    52  display.o(i.portState_getName)
    ptpHandleap                              0x0800b6cd   Thumb Code   148  ptpd.o(i.ptpHandleap)
    ptpdStartup                              0x0800b77d   Thumb Code   140  startup.o(i.ptpdStartup)
    ptpd_Periodic_Handle                     0x0800b859   Thumb Code   120  ptpd.o(i.ptpd_Periodic_Handle)
    raw_input                                0x0800b935   Thumb Code   104  raw.o(i.raw_input)
    respectUtcOffset                         0x0800b9a9   Thumb Code    18  protocol.o(i.respectUtcOffset)
    s1                                       0x0800b9bd   Thumb Code   516  bmc.o(i.s1)
    scaledNanosecondsToInternalTime          0x0800bc99   Thumb Code    56  arith.o(i.scaledNanosecondsToInternalTime)
    secondsToMidnight                        0x0800bcd5   Thumb Code    90  arith.o(i.secondsToMidnight)
    server_recv                              0x0800bd3d   Thumb Code   342  ntp.o(i.server_recv)
    setTime                                  0x0800beb1   Thumb Code    18  stmptp_sys_time.o(i.setTime)
    subTime                                  0x0800bec3   Thumb Code    24  arith.o(i.subTime)
    sys_arch_protect                         0x0800bedd   Thumb Code    10  ethernetif.o(i.sys_arch_protect)
    sys_arch_unprotect                       0x0800beed   Thumb Code     6  ethernetif.o(i.sys_arch_unprotect)
    tcp_abandon                              0x0800bef9   Thumb Code   136  tcp.o(i.tcp_abandon)
    tcp_abort                                0x0800bf85   Thumb Code     6  tcp.o(i.tcp_abort)
    tcp_alloc                                0x0800bf8d   Thumb Code   234  tcp.o(i.tcp_alloc)
    tcp_close                                0x0800c085   Thumb Code    20  tcp.o(i.tcp_close)
    tcp_eff_send_mss                         0x0800c25b   Thumb Code    32  tcp.o(i.tcp_eff_send_mss)
    tcp_enqueue_flags                        0x0800c27b   Thumb Code   166  tcp_out.o(i.tcp_enqueue_flags)
    tcp_fasttmr                              0x0800c321   Thumb Code    90  tcp.o(i.tcp_fasttmr)
    tcp_input                                0x0800c381   Thumb Code   758  tcp_in.o(i.tcp_input)
    tcp_keepalive                            0x0800c695   Thumb Code    60  tcp_out.o(i.tcp_keepalive)
    tcp_next_iss                             0x0800c7b5   Thumb Code    12  tcp.o(i.tcp_next_iss)
    tcp_output                               0x0800c7c5   Thumb Code   392  tcp_out.o(i.tcp_output)
    tcp_pcb_purge                            0x0800caed   Thumb Code    58  tcp.o(i.tcp_pcb_purge)
    tcp_pcb_remove                           0x0800cb29   Thumb Code    82  tcp.o(i.tcp_pcb_remove)
    tcp_process_refused_data                 0x0800ceb5   Thumb Code   102  tcp.o(i.tcp_process_refused_data)
    tcp_recv_null                            0x0800d32f   Thumb Code    36  tcp.o(i.tcp_recv_null)
    tcp_recved                               0x0800d353   Thumb Code    56  tcp.o(i.tcp_recved)
    tcp_rexmit                               0x0800d38b   Thumb Code    82  tcp_out.o(i.tcp_rexmit)
    tcp_rexmit_fast                          0x0800d3dd   Thumb Code    88  tcp_out.o(i.tcp_rexmit_fast)
    tcp_rexmit_rto                           0x0800d435   Thumb Code    46  tcp_out.o(i.tcp_rexmit_rto)
    tcp_rst                                  0x0800d463   Thumb Code   118  tcp_out.o(i.tcp_rst)
    tcp_seg_free                             0x0800d4d9   Thumb Code    28  tcp.o(i.tcp_seg_free)
    tcp_segs_free                            0x0800d4f5   Thumb Code    18  tcp.o(i.tcp_segs_free)
    tcp_send_empty_ack                       0x0800d507   Thumb Code    72  tcp_out.o(i.tcp_send_empty_ack)
    tcp_send_fin                             0x0800d54f   Thumb Code    68  tcp_out.o(i.tcp_send_fin)
    tcp_slowtmr                              0x0800d595   Thumb Code   588  tcp.o(i.tcp_slowtmr)
    tcp_timer_needed                         0x0800d7f1   Thumb Code     2  timers.o(i.tcp_timer_needed)
    tcp_tmr                                  0x0800d861   Thumb Code    28  tcp.o(i.tcp_tmr)
    tcp_update_rcv_ann_wnd                   0x0800d881   Thumb Code    52  tcp.o(i.tcp_update_rcv_ann_wnd)
    tcp_zero_window_probe                    0x0800d8b5   Thumb Code   138  tcp_out.o(i.tcp_zero_window_probe)
    timeInternal_display                     0x0800d93f   Thumb Code     2  display.o(i.timeInternal_display)
    timerExpired                             0x0800d941   Thumb Code    40  timer.o(i.timerExpired)
    timerStart                               0x0800d969   Thumb Code    26  timer.o(i.timerStart)
    timerStop                                0x0800d983   Thumb Code    16  timer.o(i.timerStop)
    timerUpdate                              0x0800d995   Thumb Code    58  timer.o(i.timerUpdate)
    timestamp_display                        0x0800d9d5   Thumb Code     2  display.o(i.timestamp_display)
    toInternalTime                           0x0800d9d7   Thumb Code    18  arith.o(i.toInternalTime)
    toState                                  0x0800d9e9   Thumb Code   692  protocol.o(i.toState)
    u32_to_u8                                0x0800dccd   Thumb Code    24  lcdmessage.o(i.u32_to_u8)
    u8_to_u32                                0x0800dce5   Thumb Code    16  lcdmessage.o(i.u8_to_u32)
    udp_bind                                 0x0800dcf5   Thumb Code   148  udp.o(i.udp_bind)
    udp_disconnect                           0x0800dd8d   Thumb Code    16  udp.o(i.udp_disconnect)
    udp_input                                0x0800dd9d   Thumb Code   326  udp.o(i.udp_input)
    udp_new                                  0x0800def1   Thumb Code    26  udp.o(i.udp_new)
    udp_recv                                 0x0800df0b   Thumb Code     6  udp.o(i.udp_recv)
    udp_remove                               0x0800df11   Thumb Code    40  udp.o(i.udp_remove)
    udp_sendto                               0x0800df3d   Thumb Code    58  udp.o(i.udp_sendto)
    udp_sendto_if                            0x0800df77   Thumb Code   208  udp.o(i.udp_sendto_if)
    ulocaltime                               0x0800e049   Thumb Code   162  share.o(i.ulocaltime)
    unpackClockIdentity                      0x0800e0f5   Thumb Code    16  msg.o(i.unpackClockIdentity)
    unpackClockQuality                       0x0800e105   Thumb Code    18  msg.o(i.unpackClockQuality)
    unpackMMAnnounceReceiptTimeout           0x0800e117   Thumb Code    18  msg.o(i.unpackMMAnnounceReceiptTimeout)
    unpackMMClockAccuracy                    0x0800e129   Thumb Code    18  msg.o(i.unpackMMClockAccuracy)
    unpackMMClockDescription                 0x0800e13b   Thumb Code   234  msg.o(i.unpackMMClockDescription)
    unpackMMCurrentDataSet                   0x0800e225   Thumb Code    10  msg.o(i.unpackMMCurrentDataSet)
    unpackMMDefaultDataSet                   0x0800e22f   Thumb Code    84  msg.o(i.unpackMMDefaultDataSet)
    unpackMMDelayMechanism                   0x0800e283   Thumb Code    18  msg.o(i.unpackMMDelayMechanism)
    unpackMMDomain                           0x0800e295   Thumb Code    18  msg.o(i.unpackMMDomain)
    unpackMMErrorStatus                      0x0800e2a7   Thumb Code    46  msg.o(i.unpackMMErrorStatus)
    unpackMMInitialize                       0x0800e2d5   Thumb Code    10  msg.o(i.unpackMMInitialize)
    unpackMMLogAnnounceInterval              0x0800e2df   Thumb Code    18  msg.o(i.unpackMMLogAnnounceInterval)
    unpackMMLogMinPdelayReqInterval          0x0800e2f1   Thumb Code    18  msg.o(i.unpackMMLogMinPdelayReqInterval)
    unpackMMLogSyncInterval                  0x0800e303   Thumb Code    18  msg.o(i.unpackMMLogSyncInterval)
    unpackMMParentDataSet                    0x0800e315   Thumb Code    96  msg.o(i.unpackMMParentDataSet)
    unpackMMPortDataSet                      0x0800e375   Thumb Code    78  msg.o(i.unpackMMPortDataSet)
    unpackMMPriority1                        0x0800e3c3   Thumb Code    18  msg.o(i.unpackMMPriority1)
    unpackMMPriority2                        0x0800e3d5   Thumb Code    18  msg.o(i.unpackMMPriority2)
    unpackMMSlaveOnly                        0x0800e3e7   Thumb Code    18  msg.o(i.unpackMMSlaveOnly)
    unpackMMTime                             0x0800e3f9   Thumb Code    10  msg.o(i.unpackMMTime)
    unpackMMTimePropertiesDataSet            0x0800e403   Thumb Code    32  msg.o(i.unpackMMTimePropertiesDataSet)
    unpackMMTraceabilityProperties           0x0800e423   Thumb Code    18  msg.o(i.unpackMMTraceabilityProperties)
    unpackMMUserDescription                  0x0800e435   Thumb Code    16  msg.o(i.unpackMMUserDescription)
    unpackMMUtcProperties                    0x0800e445   Thumb Code    32  msg.o(i.unpackMMUtcProperties)
    unpackMMVersionNumber                    0x0800e465   Thumb Code    30  msg.o(i.unpackMMVersionNumber)
    unpackManagementTLV                      0x0800e483   Thumb Code    42  msg.o(i.unpackManagementTLV)
    unpackMsgHeader                          0x0800e4ad   Thumb Code    90  msg.o(i.unpackMsgHeader)
    unpackMsgManagement                      0x0800e507   Thumb Code    74  msg.o(i.unpackMsgManagement)
    unpackPTPText                            0x0800e551   Thumb Code    22  msg.o(i.unpackPTPText)
    unpackPhysicalAddress                    0x0800e567   Thumb Code    32  msg.o(i.unpackPhysicalAddress)
    unpackPortIdentity                       0x0800e587   Thumb Code    26  msg.o(i.unpackPortIdentity)
    unpackTimestamp                          0x0800e5a1   Thumb Code    16  msg.o(i.unpackTimestamp)
    updateClock                              0x0800e5b1   Thumb Code   216  servo.o(i.updateClock)
    updateDelay                              0x0800e68d   Thumb Code   122  servo.o(i.updateDelay)
    updateOffset                             0x0800e749   Thumb Code   214  servo.o(i.updateOffset)
    updatePeerDelay                          0x0800e841   Thumb Code   122  servo.o(i.updatePeerDelay)
    tcp_persist_backoff                      0x0800e8fc   Data           7  tcp.o(.constdata)
    tcp_state_str                            0x0800e904   Data          44  tcp.o(.constdata)
    tcp_backoff                              0x0800e930   Data          13  tcp.o(.constdata)
    tcp_pcb_lists                            0x0800e940   Data          16  tcp.o(.constdata)
    ip_addr_any                              0x0800e950   Data           4  ip_addr.o(.constdata)
    ethbroadcast                             0x0800e954   Data           6  etharp.o(.constdata)
    ethzero                                  0x0800e95a   Data           6  etharp.o(.constdata)
    Region$$Table$$Base                      0x0800ed20   Number         0  anon$$obj.o(Region$$Table)
    Region$$Table$$Limit                     0x0800ed40   Number         0  anon$$obj.o(Region$$Table)
    EthLinkStatus                            0x20000000   Data           1  stm32f4x7_eth_bsp.o(.data)
    EthStatus                                0x20000004   Data           4  stm32f4x7_eth_bsp.o(.data)
    MAC_ADDR0                                0x20000008   Data           1  ethernetif.o(.data)
    MAC_ADDR1                                0x20000009   Data           1  ethernetif.o(.data)
    MAC_ADDR2                                0x2000000a   Data           1  ethernetif.o(.data)
    MAC_ADDR3                                0x2000000b   Data           1  ethernetif.o(.data)
    MAC_ADDR4                                0x2000000c   Data           1  ethernetif.o(.data)
    MAC_ADDR5                                0x2000000d   Data           1  ethernetif.o(.data)
    SyncIndex                                0x2000000e   Data           1  serial_hand.o(.data)
    SyncUart_OK                              0x2000000f   Data           1  serial_hand.o(.data)
    leap61                                   0x20000010   Data           1  serial_hand.o(.data)
    leap59                                   0x20000011   Data           1  serial_hand.o(.data)
    leapwring                                0x20000012   Data           1  serial_hand.o(.data)
    leapNum                                  0x20000013   Data           1  serial_hand.o(.data)
    CAN1_RX0_STA                             0x20000014   Data           2  can.o(.data)
    CAN1_SEND_ID                             0x20000018   Data           4  can.o(.data)
    PTP_MS_MODE                              0x2000001c   Data           1  main.o(.data)
    LocalTime                                0x20000020   Data           4  main.o(.data)
    oldseconds                               0x20000024   Data           4  main.o(.data)
    timingdelay                              0x20000028   Data           4  main.o(.data)
    vsmsg                                    0x2000002c   Data           1  main.o(.data)
    __stdout                                 0x20000030   Data           4  main.o(.data)
    TCPTimer                                 0x20000034   Data           4  netconf.o(.data)
    ARPTimer                                 0x20000038   Data           4  netconf.o(.data)
    synflags                                 0x2000003c   Data           1  share.o(.data)
    tbflags                                  0x20000040   Data           1  share.o(.data)
    ntpsendf                                 0x20000041   Data           1  ntp.o(.data)
    ntps_pcb                                 0x20000044   Data           4  ntp.o(.data)
    DMATxDescToSet                           0x20000048   Data           4  stm32f4x7_eth.o(.data)
    DMARxDescToGet                           0x2000004c   Data           4  stm32f4x7_eth.o(.data)
    DMAPTPTxDescToSet                        0x20000050   Data           4  stm32f4x7_eth.o(.data)
    DMAPTPRxDescToGet                        0x20000054   Data           4  stm32f4x7_eth.o(.data)
    DMA_RX_FRAME_infos                       0x20000058   Data           4  stm32f4x7_eth.o(.data)
    id                                       0x20000070   Data          32  protocol.o(.data)
    elapsed                                  0x20000090   Data           4  timer.o(.data)
    ptpslav_i                                0x20000094   Data           1  servo.o(.data)
    netif_list                               0x200000a8   Data           4  netif.o(.data)
    netif_default                            0x200000ac   Data           4  netif.o(.data)
    tcp_active_pcbs_changed                  0x200000b4   Data           1  tcp.o(.data)
    tcp_ticks                                0x200000c0   Data           4  tcp.o(.data)
    tcp_bound_pcbs                           0x200000c4   Data           4  tcp.o(.data)
    tcp_listen_pcbs                          0x200000c8   Data           4  tcp.o(.data)
    tcp_active_pcbs                          0x200000cc   Data           4  tcp.o(.data)
    tcp_tw_pcbs                              0x200000d0   Data           4  tcp.o(.data)
    tcp_tmp_pcb                              0x200000d4   Data           4  tcp.o(.data)
    tcp_input_pcb                            0x200000f0   Data           4  tcp_in.o(.data)
    udp_pcbs                                 0x200000f8   Data           4  udp.o(.data)
    current_netif                            0x2000010c   Data           4  ip.o(.data)
    current_header                           0x20000110   Data           4  ip.o(.data)
    current_iphdr_src                        0x20000114   Data           4  ip.o(.data)
    current_iphdr_dest                       0x20000118   Data           4  ip.o(.data)
    __microlib_freelist                      0x2000012c   Data           4  mvars.o(.data)
    __microlib_freelist_initialised          0x20000130   Data           4  mvars.o(.data)
    ETH_InitStructure                        0x20000134   Data         188  stm32f4x7_eth_bsp.o(.bss)
    sync_UartData                            0x200001f0   Data          23  serial_hand.o(.bss)
    CAN1_RX0_BUF                             0x20000207   Data         100  can.o(.bss)
    sTime                                    0x2000026c   Data          32  main.o(.bss)
    Mservo                                   0x2000028c   Data          10  main.o(.bss)
    MofM_filt                                0x20000298   Data          16  main.o(.bss)
    GlobalConfig                             0x200002a8   Data          40  main.o(.bss)
    mcuID                                    0x200002d0   Data          12  main.o(.bss)
    gnetif                                   0x200002dc   Data          56  netconf.o(.bss)
    DMARxDscrTab                             0x20000314   Data         160  stm32f4x7_eth.o(.bss)
    DMATxDscrTab                             0x200003b4   Data          32  stm32f4x7_eth.o(.bss)
    Rx_Buff                                  0x200003d4   Data        7620  stm32f4x7_eth.o(.bss)
    Tx_Buff                                  0x20002198   Data        1524  stm32f4x7_eth.o(.bss)
    RX_Frame_Descriptor                      0x2000278c   Data          12  stm32f4x7_eth.o(.bss)
    rtOpts                                   0x20002b80   Data         144  ptpd.o(.bss)
    G_ptpClock                               0x20002c10   Data        1744  ptpd.o(.bss)
    ram_heap                                 0x200033ec   Data       20500  mem.o(.bss)
    __heap_base                              0x2000f3b0   Data           0  startup_stm32f427x.o(HEAP)
    __heap_limit                             0x2000f7b0   Data           0  startup_stm32f427x.o(HEAP)
    __initial_sp                             0x2000ffb0   Data           0  startup_stm32f427x.o(STACK)



==============================================================================

Memory Map of the image

  Image Entry point : 0x080001ad

  Load Region LR_IROM1 (Base: 0x08000000, Size: 0x0000ee74, Max: 0x00200000, ABSOLUTE, COMPRESSED[0x0000ed60])

    Execution Region ER_IROM1 (Base: 0x08000000, Size: 0x0000ed40, Max: 0x00200000, ABSOLUTE)

    Base Addr    Size         Type   Attr      Idx    E Section Name        Object

    0x08000000   0x000001ac   Data   RO            3    RESET               startup_stm32f427x.o
    0x080001ac   0x00000000   Code   RO         8080  * .ARM.Collect$$$$00000000  mc_w.l(entry.o)
    0x080001ac   0x00000004   Code   RO         8401    .ARM.Collect$$$$00000001  mc_w.l(entry2.o)
    0x080001b0   0x00000004   Code   RO         8404    .ARM.Collect$$$$00000004  mc_w.l(entry5.o)
    0x080001b4   0x00000000   Code   RO         8406    .ARM.Collect$$$$00000008  mc_w.l(entry7b.o)
    0x080001b4   0x00000000   Code   RO         8408    .ARM.Collect$$$$0000000A  mc_w.l(entry8b.o)
    0x080001b4   0x00000008   Code   RO         8409    .ARM.Collect$$$$0000000B  mc_w.l(entry9a.o)
    0x080001bc   0x00000000   Code   RO         8411    .ARM.Collect$$$$0000000D  mc_w.l(entry10a.o)
    0x080001bc   0x00000000   Code   RO         8413    .ARM.Collect$$$$0000000F  mc_w.l(entry11a.o)
    0x080001bc   0x00000004   Code   RO         8402    .ARM.Collect$$$$00002712  mc_w.l(entry2.o)
    0x080001c0   0x00000024   Code   RO            4    .text               startup_stm32f427x.o
    0x080001e4   0x00000062   Code   RO         8083    .text               mc_w.l(uldiv.o)
    0x08000246   0x00000062   Code   RO         8085    .text               mc_w.l(ldiv.o)
    0x080002a8   0x00000024   Code   RO         8087    .text               mc_w.l(rand.o)
    0x080002cc   0x00000024   Code   RO         8090    .text               mc_w.l(memcpya.o)
    0x080002f0   0x00000024   Code   RO         8092    .text               mc_w.l(memseta.o)
    0x08000314   0x0000000e   Code   RO         8094    .text               mc_w.l(strlen.o)
    0x08000322   0x0000001a   Code   RO         8096    .text               mc_w.l(memcmp.o)
    0x0800033c   0x0000001c   Code   RO         8389    .text               mc_w.l(calloc.o)
    0x08000358   0x0000014e   Code   RO         8391    .text               mf_w.l(dadd.o)
    0x080004a6   0x000000de   Code   RO         8393    .text               mf_w.l(ddiv.o)
    0x08000584   0x00000022   Code   RO         8395    .text               mf_w.l(dflti.o)
    0x080005a6   0x00000026   Code   RO         8397    .text               mf_w.l(f2d.o)
    0x080005cc   0x00000038   Code   RO         8399    .text               mf_w.l(d2f.o)
    0x08000604   0x0000001e   Code   RO         8417    .text               mc_w.l(llshl.o)
    0x08000622   0x00000020   Code   RO         8419    .text               mc_w.l(llushr.o)
    0x08000642   0x00000024   Code   RO         8421    .text               mc_w.l(llsshr.o)
    0x08000666   0x00000000   Code   RO         8425    .text               mc_w.l(iusefp.o)
    0x08000666   0x0000006e   Code   RO         8426    .text               mf_w.l(fepilogue.o)
    0x080006d4   0x000000ba   Code   RO         8428    .text               mf_w.l(depilogue.o)
    0x0800078e   0x00000002   PAD
    0x08000790   0x00000024   Code   RO         8436    .text               mc_w.l(init.o)
    0x080007b4   0x00000056   Code   RO         8446    .text               mc_w.l(__dczerorl2.o)
    0x0800080a   0x00000002   PAD
    0x0800080c   0x00000184   Code   RO         1699    i.ARM_to_FPGA       fpga.o
    0x08000990   0x00000002   Code   RO          150    i.BusFault_Handler  stm32f4xx_it.o
    0x08000992   0x00000002   PAD
    0x08000994   0x00000158   Code   RO         1134    i.CAN1_Mode_Init    can.o
    0x08000aec   0x0000009c   Code   RO         1135    i.CAN1_RX0_IRQHandler  can.o
    0x08000b88   0x000000a4   Code   RO         1136    i.CAN1_Send_Msg     can.o
    0x08000c2c   0x000000cc   Code   RO         2419    i.CAN_FilterInit    stm32f4xx_can.o
    0x08000cf8   0x0000001a   Code   RO         1138    i.CAN_GETMAILFLAG   can.o
    0x08000d12   0x00000010   Code   RO         2425    i.CAN_ITConfig      stm32f4xx_can.o
    0x08000d22   0x000000e8   Code   RO         2426    i.CAN_Init          stm32f4xx_can.o
    0x08000e0a   0x00000002   PAD
    0x08000e0c   0x00000090   Code   RO         2429    i.CAN_Receive       stm32f4xx_can.o
    0x08000e9c   0x000000a4   Code   RO         2434    i.CAN_Transmit      stm32f4xx_can.o
    0x08000f40   0x0000006c   Code   RO         2435    i.CAN_TransmitStatus  stm32f4xx_can.o
    0x08000fac   0x0000020c   Code   RO         1603    i.CanRxHandle       lcdmessage.o
    0x080011b8   0x00000002   Code   RO          151    i.DebugMon_Handler  stm32f4xx_it.o
    0x080011ba   0x00000002   PAD
    0x080011bc   0x00000014   Code   RO         1387    i.Delay             main.o
    0x080011d0   0x0000000c   Code   RO         1737    i.ETH_DMAClearITPendingBit  stm32f4x7_eth.o
    0x080011dc   0x00000018   Code   RO         1738    i.ETH_DMAITConfig   stm32f4x7_eth.o
    0x080011f4   0x0000001c   Code   RO         1741    i.ETH_DMAReceptionCmd  stm32f4x7_eth.o
    0x08001210   0x00000058   Code   RO         1742    i.ETH_DMARxDescChainInit  stm32f4x7_eth.o
    0x08001268   0x00000012   Code   RO         1743    i.ETH_DMARxDescReceiveITConfig  stm32f4x7_eth.o
    0x0800127a   0x00000002   PAD
    0x0800127c   0x0000001c   Code   RO         1744    i.ETH_DMATransmissionCmd  stm32f4x7_eth.o
    0x08001298   0x00000048   Code   RO         1747    i.ETH_DMATxDescChainInit  stm32f4x7_eth.o
    0x080012e0   0x00000008   Code   RO         1748    i.ETH_DMATxDescChecksumInsertionConfig  stm32f4x7_eth.o
    0x080012e8   0x00000018   Code   RO         1753    i.ETH_DeInit        stm32f4x7_eth.o
    0x08001300   0x00000010   Code   RO         1754    i.ETH_EnablePTPTimeStampAddend  stm32f4x7_eth.o
    0x08001310   0x00000010   Code   RO         1756    i.ETH_EnablePTPTimeStampUpdate  stm32f4x7_eth.o
    0x08001320   0x00000030   Code   RO         1757    i.ETH_EnhancedDescriptorCmd  stm32f4x7_eth.o
    0x08001350   0x00000020   Code   RO         1758    i.ETH_FlushTransmitFIFO  stm32f4x7_eth.o
    0x08001370   0x00000118   Code   RO          544    i.ETH_GPIO_Config   stm32f4x7_eth_bsp.o
    0x08001488   0x00000014   Code   RO         1764    i.ETH_GetDMAFlagStatus  stm32f4x7_eth.o
    0x0800149c   0x00000008   Code   RO         1770    i.ETH_GetDMARxDescFrameLength  stm32f4x7_eth.o
    0x080014a4   0x00000024   Code   RO         1775    i.ETH_GetMACAddress  stm32f4x7_eth.o
    0x080014c8   0x00000014   Code   RO         1781    i.ETH_GetPTPFlagStatus  stm32f4x7_eth.o
    0x080014dc   0x0000000c   Code   RO         1782    i.ETH_GetPTPRegister  stm32f4x7_eth.o
    0x080014e8   0x00000030   Code   RO         1785    i.ETH_GetRxPktSize  stm32f4x7_eth.o
    0x08001518   0x00000014   Code   RO         1786    i.ETH_GetSoftwareResetStatus  stm32f4x7_eth.o
    0x0800152c   0x0000008c   Code   RO         1789    i.ETH_Get_Received_Frame_interrupt  stm32f4x7_eth.o
    0x080015b8   0x0000002e   Code   RO          152    i.ETH_IRQHandler    stm32f4xx_it.o
    0x080015e6   0x00000002   PAD
    0x080015e8   0x00000294   Code   RO         1791    i.ETH_Init          stm32f4x7_eth.o
    0x0800187c   0x00000018   Code   RO         1792    i.ETH_InitializePTPTimeStamp  stm32f4x7_eth.o
    0x08001894   0x0000001c   Code   RO         1794    i.ETH_MACAddressConfig  stm32f4x7_eth.o
    0x080018b0   0x00000094   Code   RO          545    i.ETH_MACDMA_Config  stm32f4x7_eth_bsp.o
    0x08001944   0x00000018   Code   RO         1798    i.ETH_MACITConfig   stm32f4x7_eth.o
    0x0800195c   0x00000030   Code   RO         1799    i.ETH_MACReceptionCmd  stm32f4x7_eth.o
    0x0800198c   0x00000030   Code   RO         1800    i.ETH_MACTransmissionCmd  stm32f4x7_eth.o
    0x080019bc   0x00000014   Code   RO         1811    i.ETH_PTPNanoSecond2SubSecond  stm32f4x7_eth.o
    0x080019d0   0x00000014   Code   RO         1812    i.ETH_PTPSubSecond2NanoSecond  stm32f4x7_eth.o
    0x080019e4   0x0000001c   Code   RO         1813    i.ETH_PTPTimeStampCmd  stm32f4x7_eth.o
    0x08001a00   0x00000054   Code   RO          651    i.ETH_PTPTime_AdjFreq  ethernetif.o
    0x08001a54   0x00000038   Code   RO         1814    i.ETH_PTPTime_GetTime  stm32f4x7_eth.o
    0x08001a8c   0x0000003a   Code   RO          652    i.ETH_PTPTime_SetTime  ethernetif.o
    0x08001ac6   0x00000068   Code   RO          653    i.ETH_PTPTime_UpdateOffset  ethernetif.o
    0x08001b2e   0x00000002   PAD
    0x08001b30   0x0000001c   Code   RO         1815    i.ETH_PTPUpdateMethodConfig  stm32f4x7_eth.o
    0x08001b4c   0x000000cc   Code   RO         1818    i.ETH_Prepare_Transmit_Descriptors_TimeStamp  stm32f4x7_eth.o
    0x08001c18   0x00000054   Code   RO         1819    i.ETH_ReadPHYRegister  stm32f4x7_eth.o
    0x08001c6c   0x0000000c   Code   RO         1825    i.ETH_SetPTPSubSecondIncrement  stm32f4x7_eth.o
    0x08001c78   0x0000000c   Code   RO         1827    i.ETH_SetPTPTimeStampAddend  stm32f4x7_eth.o
    0x08001c84   0x00000010   Code   RO         1828    i.ETH_SetPTPTimeStampUpdate  stm32f4x7_eth.o
    0x08001c94   0x00000010   Code   RO         1831    i.ETH_SoftwareReset  stm32f4x7_eth.o
    0x08001ca4   0x00000022   Code   RO         1832    i.ETH_Start         stm32f4x7_eth.o
    0x08001cc6   0x00000088   Code   RO         1834    i.ETH_StructInit    stm32f4x7_eth.o
    0x08001d4e   0x00000002   PAD
    0x08001d50   0x00000054   Code   RO         1836    i.ETH_WritePHYRegister  stm32f4x7_eth.o
    0x08001da4   0x00000002   Code   RO          153    i.EXTI15_10_IRQHandler  stm32f4xx_it.o
    0x08001da6   0x00000002   PAD
    0x08001da8   0x00000044   Code   RO          154    i.EXTI1_IRQHandler  stm32f4xx_it.o
    0x08001dec   0x0000000c   Code   RO         2577    i.EXTI_ClearITPendingBit  stm32f4xx_exti.o
    0x08001df8   0x00000036   Code   RO          547    i.EXTI_Configuration  stm32f4x7_eth_bsp.o
    0x08001e2e   0x00000002   PAD
    0x08001e30   0x00000020   Code   RO         2581    i.EXTI_GetITStatus  stm32f4xx_exti.o
    0x08001e50   0x00000070   Code   RO         2582    i.EXTI_Init         stm32f4xx_exti.o
    0x08001ec0   0x0000000c   Code   RO         2638    i.FLASH_ClearFlag   stm32f4xx_flash.o
    0x08001ecc   0x0000001c   Code   RO         2639    i.FLASH_DataCacheCmd  stm32f4xx_flash.o
    0x08001ee8   0x0000006c   Code   RO         2642    i.FLASH_EraseSector  stm32f4xx_flash.o
    0x08001f54   0x00000034   Code   RO         2644    i.FLASH_GetStatus   stm32f4xx_flash.o
    0x08001f88   0x00000010   Code   RO         1086    i.FLASH_Init        flash_hand.o
    0x08001f98   0x00000010   Code   RO         2648    i.FLASH_Lock        stm32f4xx_flash.o
    0x08001fa8   0x0000003c   Code   RO         2666    i.FLASH_ProgramWord  stm32f4xx_flash.o
    0x08001fe4   0x00000014   Code   RO         1087    i.FLASH_Read        flash_hand.o
    0x08001ff8   0x00000024   Code   RO         2668    i.FLASH_Unlock      stm32f4xx_flash.o
    0x0800201c   0x0000001e   Code   RO         2669    i.FLASH_WaitForLastOperation  stm32f4xx_flash.o
    0x0800203a   0x00000002   PAD
    0x0800203c   0x00000078   Code   RO         1088    i.FLASH_Write       flash_hand.o
    0x080020b4   0x00000078   Code   RO          551    i.GPIO_Configuration  stm32f4x7_eth_bsp.o
    0x0800212c   0x000000a2   Code   RO         2845    i.GPIO_Init         stm32f4xx_gpio.o
    0x080021ce   0x00000020   Code   RO         2846    i.GPIO_PinAFConfig  stm32f4xx_gpio.o
    0x080021ee   0x00000006   Code   RO         2848    i.GPIO_ReadInputData  stm32f4xx_gpio.o
    0x080021f4   0x00000004   Code   RO         2852    i.GPIO_ResetBits    stm32f4xx_gpio.o
    0x080021f8   0x00000004   Code   RO         2853    i.GPIO_SetBits      stm32f4xx_gpio.o
    0x080021fc   0x0000013c   Code   RO         1089    i.GetSector         flash_hand.o
    0x08002338   0x00000134   Code   RO          745    i.Hand_serialSync   serial_hand.o
    0x0800246c   0x00000002   Code   RO          155    i.HardFault_Handler  stm32f4xx_it.o
    0x0800246e   0x00000002   PAD
    0x08002470   0x00000140   Code   RO         1475    i.LwIP_Init         netconf.o
    0x080025b0   0x00000038   Code   RO         1476    i.LwIP_Periodic_Handle  netconf.o
    0x080025e8   0x0000000c   Code   RO         1477    i.LwIP_Pkt_Handle   netconf.o
    0x080025f4   0x00000002   Code   RO          156    i.MemManage_Handler  stm32f4xx_it.o
    0x080025f6   0x00000086   Code   RO         1532    i.Mfilter           share.o
    0x0800267c   0x00000002   Code   RO          157    i.NMI_Handler       stm32f4xx_it.o
    0x0800267e   0x0000001c   Code   RO         1652    i.NTPFRAC           ntp.o
    0x0800269a   0x00000002   PAD
    0x0800269c   0x00000034   Code   RO         1653    i.NTP_Init          ntp.o
    0x080026d0   0x00000048   Code   RO         1654    i.NTP_ServerInit    ntp.o
    0x08002718   0x000000a8   Code   RO          552    i.NVIC_Configuration  stm32f4x7_eth_bsp.o
    0x080027c0   0x00000016   Code   RO         1604    i.NVIC_DisableIRQ   lcdmessage.o
    0x080027d6   0x00000002   PAD
    0x080027d8   0x00000064   Code   RO         2369    i.NVIC_Init         misc.o
    0x0800283c   0x00000014   Code   RO         2370    i.NVIC_PriorityGroupConfig  misc.o
    0x08002850   0x00000020   Code   RO          553    i.NVIC_SetPriority  stm32f4x7_eth_bsp.o
    0x08002870   0x00000014   Code   RO         2371    i.NVIC_SetVectorTable  misc.o
    0x08002884   0x00000020   Code   RO         1605    i.NVIC_SystemReset  lcdmessage.o
    0x080028a4   0x000002fc   Code   RO         4207    i.PTPd_Init         ptpd.o
    0x08002ba0   0x00000018   Code   RO         2942    i.RCC_AHB1PeriphClockCmd  stm32f4xx_rcc.o
    0x08002bb8   0x00000018   Code   RO         2944    i.RCC_AHB1PeriphResetCmd  stm32f4xx_rcc.o
    0x08002bd0   0x00000018   Code   RO         2951    i.RCC_APB1PeriphClockCmd  stm32f4xx_rcc.o
    0x08002be8   0x00000018   Code   RO         2953    i.RCC_APB1PeriphResetCmd  stm32f4xx_rcc.o
    0x08002c00   0x00000018   Code   RO         2954    i.RCC_APB2PeriphClockCmd  stm32f4xx_rcc.o
    0x08002c18   0x00000018   Code   RO         2956    i.RCC_APB2PeriphResetCmd  stm32f4xx_rcc.o
    0x08002c30   0x00000078   Code   RO          554    i.RCC_Configuration  stm32f4x7_eth_bsp.o
    0x08002ca8   0x00000094   Code   RO         2963    i.RCC_GetClocksFreq  stm32f4xx_rcc.o
    0x08002d3c   0x00000014   Code   RO         1139    i.ReadBoardADDR__   can.o
    0x08002d50   0x000001f4   Code   RO         1388    i.Read_ConfigData   main.o
    0x08002f44   0x0000000c   Code   RO         1389    i.STM_LEDoff        main.o
    0x08002f50   0x0000000c   Code   RO         1390    i.STM_LEDon         main.o
    0x08002f5c   0x0000000c   Code   RO         3424    i.SYSCFG_ETH_MediaInterfaceConfig  stm32f4xx_syscfg.o
    0x08002f68   0x00000030   Code   RO         3425    i.SYSCFG_EXTILineConfig  stm32f4xx_syscfg.o
    0x08002f98   0x000000be   Code   RO         1533    i.Serial_Htime      share.o
    0x08003056   0x00000002   PAD
    0x08003058   0x000000cc   Code   RO           12    i.SetSysClock       system_stm32f4xx.o
    0x08003124   0x00000020   Code   RO          654    i.Set_MAC_Address   ethernetif.o
    0x08003144   0x00000018   Code   RO         2373    i.SysTick_CLKSourceConfig  misc.o
    0x0800315c   0x00000004   Code   RO          158    i.SysTick_Handler   stm32f4xx_it.o
    0x08003160   0x0000005c   Code   RO           14    i.SystemInit        system_stm32f4xx.o
    0x080031bc   0x000000a8   Code   RO         1534    i.TimeToSeconds     share.o
    0x08003264   0x00000010   Code   RO         1391    i.Time_Update       main.o
    0x08003274   0x000000ac   Code   RO          555    i.UART1_Configuration  stm32f4x7_eth_bsp.o
    0x08003320   0x000000a8   Code   RO          556    i.UART6_Configuration  stm32f4x7_eth_bsp.o
    0x080033c8   0x00000084   Code   RO          746    i.USART1_IRQHandler  serial_hand.o
    0x0800344c   0x0000000c   Code   RO         4020    i.USART_ClearITPendingBit  stm32f4xx_usart.o
    0x08003458   0x00000014   Code   RO         4023    i.USART_Cmd         stm32f4xx_usart.o
    0x0800346c   0x000000ac   Code   RO         4025    i.USART_DeInit      stm32f4xx_usart.o
    0x08003518   0x0000000e   Code   RO         4026    i.USART_GetFlagStatus  stm32f4xx_usart.o
    0x08003526   0x0000003e   Code   RO         4027    i.USART_GetITStatus  stm32f4xx_usart.o
    0x08003564   0x00000030   Code   RO         4029    i.USART_ITConfig    stm32f4xx_usart.o
    0x08003594   0x000000ac   Code   RO         4030    i.USART_Init        stm32f4xx_usart.o
    0x08003640   0x00000008   Code   RO         4037    i.USART_ReceiveData  stm32f4xx_usart.o
    0x08003648   0x00000008   Code   RO         4040    i.USART_SendData    stm32f4xx_usart.o
    0x08003650   0x00000002   Code   RO          159    i.UsageFault_Handler  stm32f4xx_it.o
    0x08003652   0x00000002   PAD
    0x08003654   0x00000020   Code   RO         8307    i.__0printf$8       mc_w.l(printf8.o)
    0x08003674   0x00000028   Code   RO         8308    i.__0snprintf$8     mc_w.l(printf8.o)
    0x0800369c   0x0000000e   Code   RO         8440    i.__scatterload_copy  mc_w.l(handlers.o)
    0x080036aa   0x00000002   Code   RO         8441    i.__scatterload_null  mc_w.l(handlers.o)
    0x080036ac   0x0000000e   Code   RO         8442    i.__scatterload_zeroinit  mc_w.l(handlers.o)
    0x080036ba   0x00000002   PAD
    0x080036bc   0x00000410   Code   RO         8314    i._printf_core      mc_w.l(printf8.o)
    0x08003acc   0x00000024   Code   RO         8315    i._printf_post_padding  mc_w.l(printf8.o)
    0x08003af0   0x0000002e   Code   RO         8316    i._printf_pre_padding  mc_w.l(printf8.o)
    0x08003b1e   0x00000016   Code   RO         8317    i._snputc           mc_w.l(printf8.o)
    0x08003b34   0x00000144   Code   RO         1535    i.abjClock          share.o
    0x08003c78   0x00000046   Code   RO         4250    i.acceptManagementMessage  protocol.o
    0x08003cbe   0x00000134   Code   RO         4251    i.addForeign        protocol.o
    0x08003df2   0x00000018   Code   RO         4662    i.addTime           arith.o
    0x08003e0a   0x0000001a   Code   RO         6568    i.adjFreq           stmptp_sys_time.o
    0x08003e24   0x00000092   Code   RO         4437    i.bmc               bmc.o
    0x08003eb6   0x000000e8   Code   RO         4438    i.bmcDataSetComparison  bmc.o
    0x08003f9e   0x00000002   PAD
    0x08003fa0   0x0000011c   Code   RO         4439    i.bmcStateDecision  bmc.o
    0x080040bc   0x00000016   Code   RO         1700    i.cal_crc_table     fpga.o
    0x080040d2   0x00000002   PAD
    0x080040d4   0x00000010   Code   RO         4497    i.catch_alarm       timer.o
    0x080040e4   0x00000008   Code   RO         4663    i.clearTime         arith.o
    0x080040ec   0x0000000a   Code   RO         5552    i.copyClockIdentity  msg.o
    0x080040f6   0x00000068   Code   RO         4440    i.copyD0            bmc.o
    0x0800415e   0x0000000e   Code   RO         5553    i.copyPortIdentity  msg.o
    0x0800416c   0x00000028   Code   RO         1392    i.cpuidGetId        main.o
    0x08004194   0x00000002   Code   RO         4786    i.displayPortIdentity  display.o
    0x08004196   0x00000002   PAD
    0x08004198   0x00000080   Code   RO         4790    i.displayStatus     display.o
    0x08004218   0x00000030   Code   RO         4664    i.div2Time          arith.o
    0x08004248   0x000000a0   Code   RO         4253    i.doInit            protocol.o
    0x080042e8   0x00000360   Code   RO         4254    i.doState           protocol.o
    0x08004648   0x000000b0   Code   RO         7977    i.eth_send_ptp      etharp.o
    0x080046f8   0x000000bc   Code   RO         7978    i.etharp_arp_input  etharp.o
    0x080047b4   0x000000dc   Code   RO         7981    i.etharp_find_entry  etharp.o
    0x08004890   0x00000024   Code   RO         7982    i.etharp_free_entry  etharp.o
    0x080048b4   0x00000104   Code   RO         7983    i.etharp_output     etharp.o
    0x080049b8   0x00000044   Code   RO         7984    i.etharp_output_to_arp_index  etharp.o
    0x080049fc   0x000000ec   Code   RO         7985    i.etharp_query      etharp.o
    0x08004ae8   0x000000a0   Code   RO         7986    i.etharp_raw        etharp.o
    0x08004b88   0x00000024   Code   RO         7987    i.etharp_request    etharp.o
    0x08004bac   0x00000020   Code   RO         7988    i.etharp_send_ip    etharp.o
    0x08004bcc   0x00000048   Code   RO         7989    i.etharp_tmr        etharp.o
    0x08004c14   0x0000007c   Code   RO         7990    i.etharp_update_arp_entry  etharp.o
    0x08004c90   0x00000110   Code   RO         7991    i.ethernet_input    etharp.o
    0x08004da0   0x00000040   Code   RO          655    i.ethernetif_init   ethernetif.o
    0x08004de0   0x00000026   Code   RO          656    i.ethernetif_input  ethernetif.o
    0x08004e06   0x00000086   Code   RO         5354    i.filter            servo.o
    0x08004e8c   0x0000001c   Code   RO         5427    i.findIface         net.o
    0x08004ea8   0x00000036   Code   RO         4665    i.floorLog2         arith.o
    0x08004ede   0x00000002   PAD
    0x08004ee0   0x00000024   Code   RO         1393    i.fputc             main.o
    0x08004f04   0x00000050   Code   RO         8361    i.free              mc_w.l(malloc.o)
    0x08004f54   0x0000002e   Code   RO         5563    i.freeMMClockDescription  msg.o
    0x08004f82   0x00000008   Code   RO         5565    i.freeMMErrorStatusTLV  msg.o
    0x08004f8a   0x0000002c   Code   RO         5566    i.freeMMTLV         msg.o
    0x08004fb6   0x0000003c   Code   RO         5568    i.freeManagementTLV  msg.o
    0x08004ff2   0x00000014   Code   RO         5571    i.freePTPText       msg.o
    0x08005006   0x00000014   Code   RO         5572    i.freePhysicalAddress  msg.o
    0x0800501a   0x00000018   Code   RO         4666    i.fromInternalTime  arith.o
    0x08005032   0x00000002   PAD
    0x08005034   0x00000028   Code   RO         1655    i.getNtpTime        ntp.o
    0x0800505c   0x00000024   Code   RO         4667    i.getPauseAfterMidnight  arith.o
    0x08005080   0x00000014   Code   RO         6570    i.getTime           stmptp_sys_time.o
    0x08005094   0x0000013c   Code   RO         4255    i.handle            protocol.o
    0x080051d0   0x00000294   Code   RO         4256    i.handleAnnounce    protocol.o
    0x08005464   0x00000098   Code   RO         4257    i.handleDelayReq    protocol.o
    0x080054fc   0x00000200   Code   RO         4258    i.handleDelayResp   protocol.o
    0x080056fc   0x00000048   Code   RO         5160    i.handleErrorManagementMessage  management.o
    0x08005744   0x000000ec   Code   RO         4259    i.handleFollowUp    protocol.o
    0x08005830   0x00000064   Code   RO         5161    i.handleMMAnnounceReceiptTimeout  management.o
    0x08005894   0x00000060   Code   RO         5162    i.handleMMClockAccuracy  management.o
    0x080058f4   0x000000d4   Code   RO         5163    i.handleMMClockDescription  management.o
    0x080059c8   0x00000080   Code   RO         5164    i.handleMMCurrentDataSet  management.o
    0x08005a48   0x0000007e   Code   RO         5165    i.handleMMDefaultDataSet  management.o
    0x08005ac6   0x00000064   Code   RO         5166    i.handleMMDelayMechanism  management.o
    0x08005b2a   0x00000048   Code   RO         5167    i.handleMMDisablePort  management.o
    0x08005b72   0x00000060   Code   RO         5168    i.handleMMDomain    management.o
    0x08005bd2   0x0000004e   Code   RO         5169    i.handleMMEnablePort  management.o
    0x08005c20   0x00000002   Code   RO         5170    i.handleMMErrorStatus  management.o
    0x08005c22   0x00000058   Code   RO         5171    i.handleMMInitialize  management.o
    0x08005c7a   0x00000064   Code   RO         5172    i.handleMMLogAnnounceInterval  management.o
    0x08005cde   0x00000064   Code   RO         5173    i.handleMMLogMinPdelayReqInterval  management.o
    0x08005d42   0x00000064   Code   RO         5174    i.handleMMLogSyncInterval  management.o
    0x08005da6   0x00000040   Code   RO         5175    i.handleMMNullManagement  management.o
    0x08005de6   0x00000090   Code   RO         5176    i.handleMMParentDataSet  management.o
    0x08005e76   0x00000086   Code   RO         5177    i.handleMMPortDataSet  management.o
    0x08005efc   0x00000060   Code   RO         5178    i.handleMMPriority1  management.o
    0x08005f5c   0x00000060   Code   RO         5179    i.handleMMPriority2  management.o
    0x08005fbc   0x00000030   Code   RO         5180    i.handleMMResetNonVolatileStorage  management.o
    0x08005fec   0x00000030   Code   RO         5181    i.handleMMSaveInNonVolatileStorage  management.o
    0x0800601c   0x0000005c   Code   RO         5182    i.handleMMSlaveOnly  management.o
    0x08006078   0x0000007c   Code   RO         5183    i.handleMMTime      management.o
    0x080060f4   0x00000052   Code   RO         5184    i.handleMMTimePropertiesDataSet  management.o
    0x08006146   0x0000006c   Code   RO         5185    i.handleMMTraceabilityProperties  management.o
    0x080061b2   0x00000002   PAD
    0x080061b4   0x00000100   Code   RO         5186    i.handleMMUserDescription  management.o
    0x080062b4   0x00000082   Code   RO         5187    i.handleMMUtcProperties  management.o
    0x08006336   0x00000066   Code   RO         5188    i.handleMMVersionNumber  management.o
    0x0800639c   0x0000045a   Code   RO         4260    i.handleManagement  protocol.o
    0x080067f6   0x0000008e   Code   RO         4261    i.handlePDelayReq   protocol.o
    0x08006884   0x000000e4   Code   RO         4262    i.handlePDelayResp  protocol.o
    0x08006968   0x000000a4   Code   RO         4263    i.handlePDelayRespFollowUp  protocol.o
    0x08006a0c   0x00000188   Code   RO         4264    i.handleSync        protocol.o
    0x08006b94   0x00000094   Code   RO         4265    i.handle_Repeat     protocol.o
    0x08006c28   0x0000021c   Code   RO         4266    i.handle_ptp_eth    protocol.o
    0x08006e44   0x0000007c   Code   RO          747    i.handleap          serial_hand.o
    0x08006ec0   0x00000008   Code   RO         7607    i.icmp_dest_unreach  icmp.o
    0x08006ec8   0x000000fc   Code   RO         7608    i.icmp_input        icmp.o
    0x08006fc4   0x00000064   Code   RO         7609    i.icmp_send_response  icmp.o
    0x08007028   0x00000008   Code   RO         7610    i.icmp_time_exceeded  icmp.o
    0x08007030   0x00000022   Code   RO         7636    i.igmp_delaying_member  igmp.o
    0x08007052   0x00000002   PAD
    0x08007054   0x000000c4   Code   RO         7638    i.igmp_input        igmp.o
    0x08007118   0x0000008c   Code   RO         7639    i.igmp_joingroup    igmp.o
    0x080071a4   0x000000b4   Code   RO         7640    i.igmp_leavegroup   igmp.o
    0x08007258   0x00000024   Code   RO         7641    i.igmp_lookfor_group  igmp.o
    0x0800727c   0x0000003c   Code   RO         7642    i.igmp_lookup_group  igmp.o
    0x080072b8   0x00000024   Code   RO         7643    i.igmp_report_groups  igmp.o
    0x080072dc   0x000000a0   Code   RO         7644    i.igmp_send         igmp.o
    0x0800737c   0x00000030   Code   RO         7645    i.igmp_start        igmp.o
    0x080073ac   0x0000001e   Code   RO         7646    i.igmp_start_timer  igmp.o
    0x080073ca   0x0000000c   Code   RO         7728    i.inet_chksum       inet_chksum.o
    0x080073d6   0x00000048   Code   RO         7729    i.inet_chksum_pbuf  inet_chksum.o
    0x0800741e   0x00000052   Code   RO         5355    i.initClock         servo.o
    0x08007470   0x000000c8   Code   RO         4441    i.initData          bmc.o
    0x08007538   0x00000064   Code   RO         5189    i.initOutgoingMsgManagement  management.o
    0x0800759c   0x0000000c   Code   RO         4498    i.initTimer         timer.o
    0x080075a8   0x0000002c   Code   RO         4669    i.internalTime_to_integer64  arith.o
    0x080075d4   0x0000002e   Code   RO         7811    i.ip4_addr_isbroadcast  ip_addr.o
    0x08007602   0x00000002   PAD
    0x08007604   0x00000164   Code   RO         7865    i.ip_frag           ip_frag.o
    0x08007768   0x00000008   Code   RO         7866    i.ip_frag_free_pbuf_custom_ref  ip_frag.o
    0x08007770   0x00000190   Code   RO         7766    i.ip_input          ip.o
    0x08007900   0x0000003e   Code   RO         7767    i.ip_output         ip.o
    0x0800793e   0x0000001e   Code   RO         7768    i.ip_output_if      ip.o
    0x0800795c   0x000000e0   Code   RO         7769    i.ip_output_if_opt  ip.o
    0x08007a3c   0x0000018c   Code   RO         7867    i.ip_reass          ip_frag.o
    0x08007bc8   0x000000e8   Code   RO         7868    i.ip_reass_chain_frag_into_datagram_and_validate  ip_frag.o
    0x08007cb0   0x00000024   Code   RO         7869    i.ip_reass_dequeue_datagram  ip_frag.o
    0x08007cd4   0x00000070   Code   RO         7870    i.ip_reass_free_complete_datagram  ip_frag.o
    0x08007d44   0x0000006c   Code   RO         7871    i.ip_reass_remove_oldest_datagram  ip_frag.o
    0x08007db0   0x00000040   Code   RO         7770    i.ip_route          ip.o
    0x08007df0   0x000000f8   Code   RO         7814    i.ipaddr_aton       ip_addr.o
    0x08007ee8   0x00000016   Code   RO         7873    i.ipfrag_free_pbuf_custom  ip_frag.o
    0x08007efe   0x00000022   Code   RO         4267    i.isFromCurrentParent  protocol.o
    0x08007f20   0x00000104   Code   RO         4268    i.issueAnnounce     protocol.o
    0x08008024   0x00000150   Code   RO         4269    i.issueDelayReq     protocol.o
    0x08008174   0x000000a0   Code   RO         4270    i.issueDelayResp    protocol.o
    0x08008214   0x000000b0   Code   RO         4271    i.issueFollowup     protocol.o
    0x080082c4   0x00000104   Code   RO         4272    i.issuePDelayReq    protocol.o
    0x080083c8   0x00000150   Code   RO         4273    i.issuePDelayResp   protocol.o
    0x08008518   0x0000010c   Code   RO         4274    i.issuePDelayRespFollowUp  protocol.o
    0x08008624   0x0000011c   Code   RO         4275    i.issueSync         protocol.o
    0x08008740   0x000000e0   Code   RO          657    i.low_level_init    ethernetif.o
    0x08008820   0x000000a0   Code   RO          658    i.low_level_input   ethernetif.o
    0x080088c0   0x00000114   Code   RO          659    i.low_level_output  ethernetif.o
    0x080089d4   0x00000004   Code   RO         6651    i.lwip_htonl        def.o
    0x080089d8   0x00000004   Code   RO         6652    i.lwip_htons        def.o
    0x080089dc   0x00000004   Code   RO         6653    i.lwip_ntohl        def.o
    0x080089e0   0x00000004   Code   RO         6654    i.lwip_ntohs        def.o
    0x080089e4   0x00000058   Code   RO         7732    i.lwip_standard_chksum  inet_chksum.o
    0x08008a3c   0x00000086   Code   RO         4442    i.m1                bmc.o
    0x08008ac2   0x00000002   PAD
    0x08008ac4   0x00000170   Code   RO         1394    i.main              main.o
    0x08008c34   0x0000006c   Code   RO         8362    i.malloc            mc_w.l(malloc.o)
    0x08008ca0   0x00000040   Code   RO         6753    i.mem_free          mem.o
    0x08008ce0   0x00000034   Code   RO         6754    i.mem_init          mem.o
    0x08008d14   0x000000a8   Code   RO         6755    i.mem_malloc        mem.o
    0x08008dbc   0x000000dc   Code   RO         6756    i.mem_trim          mem.o
    0x08008e98   0x00000028   Code   RO         6805    i.memp_free         memp.o
    0x08008ec0   0x00000058   Code   RO         6806    i.memp_init         memp.o
    0x08008f18   0x0000002c   Code   RO         6807    i.memp_malloc       memp.o
    0x08008f44   0x000002fc   Code   RO         5581    i.msgDebugAnnounce  msg.o
    0x08009240   0x0000014c   Code   RO         5583    i.msgDebugDelayResp  msg.o
    0x0800938c   0x000000c0   Code   RO         5584    i.msgDebugFollowUp  msg.o
    0x0800944c   0x000002c8   Code   RO         5585    i.msgDebugHeader    msg.o
    0x08009714   0x000001ac   Code   RO         5586    i.msgDebugManagement  msg.o
    0x080098c0   0x000000a8   Code   RO         5587    i.msgDebugSync      msg.o
    0x08009968   0x000000a0   Code   RO         5588    i.msgDump           msg.o
    0x08009a08   0x000000f4   Code   RO         5589    i.msgPackAnnounce   msg.o
    0x08009afc   0x00000058   Code   RO         5590    i.msgPackDelayReq   msg.o
    0x08009b54   0x00000094   Code   RO         5591    i.msgPackDelayResp  msg.o
    0x08009be8   0x00000068   Code   RO         5592    i.msgPackFollowUp   msg.o
    0x08009c50   0x00000048   Code   RO         5593    i.msgPackHeader     msg.o
    0x08009c98   0x0000000a   Code   RO         5594    i.msgPackManagement  msg.o
    0x08009ca2   0x00000020   Code   RO         5595    i.msgPackManagementErrorStatusTLV  msg.o
    0x08009cc2   0x00000164   Code   RO         5596    i.msgPackManagementTLV  msg.o
    0x08009e26   0x0000005e   Code   RO         5597    i.msgPackPDelayReq  msg.o
    0x08009e84   0x0000007c   Code   RO         5598    i.msgPackPDelayResp  msg.o
    0x08009f00   0x00000076   Code   RO         5599    i.msgPackPDelayRespFollowUp  msg.o
    0x08009f76   0x00000002   PAD
    0x08009f78   0x00000070   Code   RO         5600    i.msgPackSync       msg.o
    0x08009fe8   0x00000062   Code   RO         5601    i.msgUnpackAnnounce  msg.o
    0x0800a04a   0x00000030   Code   RO         5603    i.msgUnpackDelayResp  msg.o
    0x0800a07a   0x00000020   Code   RO         5604    i.msgUnpackFollowUp  msg.o
    0x0800a09a   0x00000080   Code   RO         5605    i.msgUnpackHeader   msg.o
    0x0800a11a   0x0000002e   Code   RO         5606    i.msgUnpackManagement  msg.o
    0x0800a148   0x00000030   Code   RO         5608    i.msgUnpackPDelayResp  msg.o
    0x0800a178   0x00000030   Code   RO         5609    i.msgUnpackPDelayRespFollowUp  msg.o
    0x0800a1a8   0x00000020   Code   RO         5610    i.msgUnpackSync     msg.o
    0x0800a1c8   0x0000001e   Code   RO         5429    i.netEmptyEventQ    net.o
    0x0800a1e6   0x00000002   PAD
    0x0800a1e8   0x0000022c   Code   RO         5430    i.netInit           net.o
    0x0800a414   0x0000000a   Code   RO         5431    i.netQCheck         net.o
    0x0800a41e   0x00000028   Code   RO         5432    i.netQGet           net.o
    0x0800a446   0x0000000a   Code   RO         5433    i.netQInit          net.o
    0x0800a450   0x0000002c   Code   RO         5434    i.netQPut           net.o
    0x0800a47c   0x000000a8   Code   RO         5435    i.netRecv           net.o
    0x0800a524   0x00000014   Code   RO         5436    i.netRecvEvent      net.o
    0x0800a538   0x00000068   Code   RO         5437    i.netRecvEventCallback  net.o
    0x0800a5a0   0x00000014   Code   RO         5438    i.netRecvGeneral    net.o
    0x0800a5b4   0x00000068   Code   RO         5439    i.netRecvGeneralCallback  net.o
    0x0800a61c   0x0000001e   Code   RO         5440    i.netSelect         net.o
    0x0800a63a   0x00000002   PAD
    0x0800a63c   0x00000120   Code   RO         5441    i.netSend           net.o
    0x0800a75c   0x0000001a   Code   RO         5442    i.netSendEvent      net.o
    0x0800a776   0x00000018   Code   RO         5443    i.netSendGeneral    net.o
    0x0800a78e   0x0000001a   Code   RO         5444    i.netSendPeerEvent  net.o
    0x0800a7a8   0x00000018   Code   RO         5445    i.netSendPeerGeneral  net.o
    0x0800a7c0   0x00000054   Code   RO         5446    i.netShutdown       net.o
    0x0800a814   0x00000058   Code   RO         6853    i.netif_add         netif.o
    0x0800a86c   0x00000020   Code   RO         6857    i.netif_set_addr    netif.o
    0x0800a88c   0x0000000c   Code   RO         6858    i.netif_set_default  netif.o
    0x0800a898   0x00000008   Code   RO         6860    i.netif_set_gw      netif.o
    0x0800a8a0   0x00000068   Code   RO         6861    i.netif_set_ipaddr  netif.o
    0x0800a908   0x00000008   Code   RO         6864    i.netif_set_netmask  netif.o
    0x0800a910   0x00000038   Code   RO         6865    i.netif_set_up      netif.o
    0x0800a948   0x0000004c   Code   RO         4673    i.normalizeTime     arith.o
    0x0800a994   0x00000088   Code   RO         1536    i.offset_time       share.o
    0x0800aa1c   0x00000016   Code   RO         1537    i.order             share.o
    0x0800aa32   0x00000010   Code   RO         5356    i.order             servo.o
    0x0800aa42   0x00000016   Code   RO         4443    i.p1                bmc.o
    0x0800aa58   0x00000010   Code   RO         5612    i.packClockIdentity  msg.o
    0x0800aa68   0x00000012   Code   RO         5613    i.packClockQuality  msg.o
    0x0800aa7a   0x0000000e   Code   RO         5614    i.packEnumeration16  msg.o
    0x0800aa88   0x00000010   Code   RO         5615    i.packEnumeration4Lower  msg.o
    0x0800aa98   0x0000000e   Code   RO         5618    i.packInteger16     msg.o
    0x0800aaa6   0x0000000e   Code   RO         5619    i.packInteger32     msg.o
    0x0800aab4   0x00000014   Code   RO         5622    i.packMMAnnounceReceiptTimeout  msg.o
    0x0800aac8   0x00000014   Code   RO         5623    i.packMMClockAccuracy  msg.o
    0x0800aadc   0x000000ec   Code   RO         5624    i.packMMClockDescription  msg.o
    0x0800abc8   0x00000010   Code   RO         5625    i.packMMCurrentDataSet  msg.o
    0x0800abd8   0x00000052   Code   RO         5626    i.packMMDefaultDataSet  msg.o
    0x0800ac2a   0x00000014   Code   RO         5627    i.packMMDelayMechanism  msg.o
    0x0800ac3e   0x00000014   Code   RO         5628    i.packMMDomain      msg.o
    0x0800ac52   0x0000003a   Code   RO         5629    i.packMMErrorStatus  msg.o
    0x0800ac8c   0x00000010   Code   RO         5630    i.packMMInitialize  msg.o
    0x0800ac9c   0x00000014   Code   RO         5631    i.packMMLogAnnounceInterval  msg.o
    0x0800acb0   0x00000014   Code   RO         5632    i.packMMLogMinPdelayReqInterval  msg.o
    0x0800acc4   0x00000014   Code   RO         5633    i.packMMLogSyncInterval  msg.o
    0x0800acd8   0x0000005c   Code   RO         5634    i.packMMParentDataSet  msg.o
    0x0800ad34   0x00000056   Code   RO         5635    i.packMMPortDataSet  msg.o
    0x0800ad8a   0x00000014   Code   RO         5636    i.packMMPriority1   msg.o
    0x0800ad9e   0x00000014   Code   RO         5637    i.packMMPriority2   msg.o
    0x0800adb2   0x00000014   Code   RO         5638    i.packMMSlaveOnly   msg.o
    0x0800adc6   0x00000010   Code   RO         5639    i.packMMTime        msg.o
    0x0800add6   0x00000020   Code   RO         5640    i.packMMTimePropertiesDataSet  msg.o
    0x0800adf6   0x00000014   Code   RO         5641    i.packMMTraceabilityProperties  msg.o
    0x0800ae0a   0x00000024   Code   RO         5642    i.packMMUserDescription  msg.o
    0x0800ae2e   0x00000020   Code   RO         5643    i.packMMUtcProperties  msg.o
    0x0800ae4e   0x00000024   Code   RO         5644    i.packMMVersionNumber  msg.o
    0x0800ae72   0x00000024   Code   RO         5645    i.packManagementTLV  msg.o
    0x0800ae96   0x00000052   Code   RO         5646    i.packMsgHeader     msg.o
    0x0800aee8   0x00000054   Code   RO         5647    i.packMsgManagement  msg.o
    0x0800af3c   0x00000012   Code   RO         5649    i.packNibbleUpper   msg.o
    0x0800af4e   0x00000016   Code   RO         5651    i.packPTPText       msg.o
    0x0800af64   0x0000001e   Code   RO         5652    i.packPhysicalAddress  msg.o
    0x0800af82   0x0000001a   Code   RO         5654    i.packPortIdentity  msg.o
    0x0800af9c   0x00000008   Code   RO         5656    i.packTimestamp     msg.o
    0x0800afa4   0x0000000e   Code   RO         5657    i.packUInteger16    msg.o
    0x0800afb2   0x0000000e   Code   RO         5658    i.packUInteger32    msg.o
    0x0800afc0   0x00000010   Code   RO         5660    i.packUInteger4Lower  msg.o
    0x0800afd0   0x00000118   Code   RO         6951    i.pbuf_alloc        pbuf.o
    0x0800b0e8   0x00000054   Code   RO         6952    i.pbuf_alloced_custom  pbuf.o
    0x0800b13c   0x00000028   Code   RO         6953    i.pbuf_cat          pbuf.o
    0x0800b164   0x00000012   Code   RO         6954    i.pbuf_chain        pbuf.o
    0x0800b176   0x00000012   Code   RO         6955    i.pbuf_clen         pbuf.o
    0x0800b188   0x0000009a   Code   RO         6957    i.pbuf_copy         pbuf.o
    0x0800b222   0x00000068   Code   RO         6958    i.pbuf_copy_partial  pbuf.o
    0x0800b28a   0x00000060   Code   RO         6960    i.pbuf_free         pbuf.o
    0x0800b2ea   0x00000060   Code   RO         6962    i.pbuf_header       pbuf.o
    0x0800b34a   0x0000004e   Code   RO         6965    i.pbuf_realloc      pbuf.o
    0x0800b398   0x0000001a   Code   RO         6966    i.pbuf_ref          pbuf.o
    0x0800b3b2   0x0000004e   Code   RO         6968    i.pbuf_take         pbuf.o
    0x0800b400   0x00000054   Code   RO         6757    i.plug_holes        mem.o
    0x0800b454   0x000000cc   Code   RO         4829    i.portState_getName  display.o
    0x0800b520   0x00000022   Code   RO         4276    i.processDelayReqFromSelf  protocol.o
    0x0800b542   0x00000146   Code   RO         4277    i.processMessage    protocol.o
    0x0800b688   0x0000001c   Code   RO         4278    i.processPDelayReqFromSelf  protocol.o
    0x0800b6a4   0x00000026   Code   RO         4279    i.processPDelayRespFromSelf  protocol.o
    0x0800b6ca   0x00000002   PAD
    0x0800b6cc   0x000000b0   Code   RO         4209    i.ptpHandleap       ptpd.o
    0x0800b77c   0x000000dc   Code   RO         6618    i.ptpdStartup       startup.o
    0x0800b858   0x000000dc   Code   RO         4210    i.ptpd_Periodic_Handle  ptpd.o
    0x0800b934   0x00000074   Code   RO         7075    i.raw_input         raw.o
    0x0800b9a8   0x00000012   Code   RO         4280    i.respectUtcOffset  protocol.o
    0x0800b9ba   0x00000002   PAD
    0x0800b9bc   0x000002dc   Code   RO         4444    i.s1                bmc.o
    0x0800bc98   0x0000003c   Code   RO         4674    i.scaledNanosecondsToInternalTime  arith.o
    0x0800bcd4   0x00000068   Code   RO         4675    i.secondsToMidnight  arith.o
    0x0800bd3c   0x00000174   Code   RO         1656    i.server_recv       ntp.o
    0x0800beb0   0x00000012   Code   RO         6571    i.setTime           stmptp_sys_time.o
    0x0800bec2   0x00000018   Code   RO         4676    i.subTime           arith.o
    0x0800beda   0x00000002   PAD
    0x0800bedc   0x00000010   Code   RO          660    i.sys_arch_protect  ethernetif.o
    0x0800beec   0x0000000c   Code   RO          661    i.sys_arch_unprotect  ethernetif.o
    0x0800bef8   0x0000008c   Code   RO         7149    i.tcp_abandon       tcp.o
    0x0800bf84   0x00000006   Code   RO         7150    i.tcp_abort         tcp.o
    0x0800bf8a   0x00000002   PAD
    0x0800bf8c   0x000000f8   Code   RO         7153    i.tcp_alloc         tcp.o
    0x0800c084   0x00000014   Code   RO         7156    i.tcp_close         tcp.o
    0x0800c098   0x00000128   Code   RO         7157    i.tcp_close_shutdown  tcp.o
    0x0800c1c0   0x0000009a   Code   RO         7413    i.tcp_create_segment  tcp_out.o
    0x0800c25a   0x00000020   Code   RO         7160    i.tcp_eff_send_mss  tcp.o
    0x0800c27a   0x000000a6   Code   RO         7414    i.tcp_enqueue_flags  tcp_out.o
    0x0800c320   0x00000060   Code   RO         7162    i.tcp_fasttmr       tcp.o
    0x0800c380   0x00000314   Code   RO         7362    i.tcp_input         tcp_in.o
    0x0800c694   0x0000003c   Code   RO         7415    i.tcp_keepalive     tcp_out.o
    0x0800c6d0   0x000000e4   Code   RO         7363    i.tcp_listen_input  tcp_in.o
    0x0800c7b4   0x00000010   Code   RO         7167    i.tcp_next_iss      tcp.o
    0x0800c7c4   0x0000018c   Code   RO         7416    i.tcp_output        tcp_out.o
    0x0800c950   0x0000006a   Code   RO         7417    i.tcp_output_alloc_header  tcp_out.o
    0x0800c9ba   0x00000002   PAD
    0x0800c9bc   0x000000b0   Code   RO         7418    i.tcp_output_segment  tcp_out.o
    0x0800ca6c   0x00000080   Code   RO         7364    i.tcp_parseopt      tcp_in.o
    0x0800caec   0x0000003a   Code   RO         7168    i.tcp_pcb_purge     tcp.o
    0x0800cb26   0x00000002   PAD
    0x0800cb28   0x00000058   Code   RO         7169    i.tcp_pcb_remove    tcp.o
    0x0800cb80   0x00000334   Code   RO         7365    i.tcp_process       tcp_in.o
    0x0800ceb4   0x00000066   Code   RO         7171    i.tcp_process_refused_data  tcp.o
    0x0800cf1a   0x00000002   PAD
    0x0800cf1c   0x00000412   Code   RO         7366    i.tcp_receive       tcp_in.o
    0x0800d32e   0x00000024   Code   RO         7173    i.tcp_recv_null     tcp.o
    0x0800d352   0x00000038   Code   RO         7174    i.tcp_recved        tcp.o
    0x0800d38a   0x00000052   Code   RO         7420    i.tcp_rexmit        tcp_out.o
    0x0800d3dc   0x00000058   Code   RO         7421    i.tcp_rexmit_fast   tcp_out.o
    0x0800d434   0x0000002e   Code   RO         7422    i.tcp_rexmit_rto    tcp_out.o
    0x0800d462   0x00000076   Code   RO         7423    i.tcp_rst           tcp_out.o
    0x0800d4d8   0x0000001c   Code   RO         7175    i.tcp_seg_free      tcp.o
    0x0800d4f4   0x00000012   Code   RO         7176    i.tcp_segs_free     tcp.o
    0x0800d506   0x00000048   Code   RO         7424    i.tcp_send_empty_ack  tcp_out.o
    0x0800d54e   0x00000044   Code   RO         7425    i.tcp_send_fin      tcp_out.o
    0x0800d592   0x00000002   PAD
    0x0800d594   0x0000025c   Code   RO         7180    i.tcp_slowtmr       tcp.o
    0x0800d7f0   0x00000002   Code   RO         7505    i.tcp_timer_needed  timers.o
    0x0800d7f2   0x00000002   PAD
    0x0800d7f4   0x0000006c   Code   RO         7367    i.tcp_timewait_input  tcp_in.o
    0x0800d860   0x00000020   Code   RO         7181    i.tcp_tmr           tcp.o
    0x0800d880   0x00000034   Code   RO         7182    i.tcp_update_rcv_ann_wnd  tcp.o
    0x0800d8b4   0x0000008a   Code   RO         7427    i.tcp_zero_window_probe  tcp_out.o
    0x0800d93e   0x00000002   Code   RO         4834    i.timeInternal_display  display.o
    0x0800d940   0x00000028   Code   RO         4499    i.timerExpired      timer.o
    0x0800d968   0x0000001a   Code   RO         4501    i.timerStart        timer.o
    0x0800d982   0x00000010   Code   RO         4503    i.timerStop         timer.o
    0x0800d992   0x00000002   PAD
    0x0800d994   0x00000040   Code   RO         4505    i.timerUpdate       timer.o
    0x0800d9d4   0x00000002   Code   RO         4836    i.timestamp_display  display.o
    0x0800d9d6   0x00000012   Code   RO         4677    i.toInternalTime    arith.o
    0x0800d9e8   0x000002e4   Code   RO         4281    i.toState           protocol.o
    0x0800dccc   0x00000018   Code   RO         1606    i.u32_to_u8         lcdmessage.o
    0x0800dce4   0x00000010   Code   RO         1607    i.u8_to_u32         lcdmessage.o
    0x0800dcf4   0x00000098   Code   RO         7517    i.udp_bind          udp.o
    0x0800dd8c   0x00000010   Code   RO         7520    i.udp_disconnect    udp.o
    0x0800dd9c   0x00000154   Code   RO         7522    i.udp_input         udp.o
    0x0800def0   0x0000001a   Code   RO         7523    i.udp_new           udp.o
    0x0800df0a   0x00000006   Code   RO         7524    i.udp_recv          udp.o
    0x0800df10   0x0000002c   Code   RO         7525    i.udp_remove        udp.o
    0x0800df3c   0x0000003a   Code   RO         7527    i.udp_sendto        udp.o
    0x0800df76   0x000000d0   Code   RO         7528    i.udp_sendto_if     udp.o
    0x0800e046   0x00000002   PAD
    0x0800e048   0x000000ac   Code   RO         1538    i.ulocaltime        share.o
    0x0800e0f4   0x00000010   Code   RO         5664    i.unpackClockIdentity  msg.o
    0x0800e104   0x00000012   Code   RO         5665    i.unpackClockQuality  msg.o
    0x0800e116   0x00000012   Code   RO         5674    i.unpackMMAnnounceReceiptTimeout  msg.o
    0x0800e128   0x00000012   Code   RO         5675    i.unpackMMClockAccuracy  msg.o
    0x0800e13a   0x000000ea   Code   RO         5676    i.unpackMMClockDescription  msg.o
    0x0800e224   0x0000000a   Code   RO         5677    i.unpackMMCurrentDataSet  msg.o
    0x0800e22e   0x00000054   Code   RO         5678    i.unpackMMDefaultDataSet  msg.o
    0x0800e282   0x00000012   Code   RO         5679    i.unpackMMDelayMechanism  msg.o
    0x0800e294   0x00000012   Code   RO         5680    i.unpackMMDomain    msg.o
    0x0800e2a6   0x0000002e   Code   RO         5681    i.unpackMMErrorStatus  msg.o
    0x0800e2d4   0x0000000a   Code   RO         5682    i.unpackMMInitialize  msg.o
    0x0800e2de   0x00000012   Code   RO         5683    i.unpackMMLogAnnounceInterval  msg.o
    0x0800e2f0   0x00000012   Code   RO         5684    i.unpackMMLogMinPdelayReqInterval  msg.o
    0x0800e302   0x00000012   Code   RO         5685    i.unpackMMLogSyncInterval  msg.o
    0x0800e314   0x00000060   Code   RO         5686    i.unpackMMParentDataSet  msg.o
    0x0800e374   0x0000004e   Code   RO         5687    i.unpackMMPortDataSet  msg.o
    0x0800e3c2   0x00000012   Code   RO         5688    i.unpackMMPriority1  msg.o
    0x0800e3d4   0x00000012   Code   RO         5689    i.unpackMMPriority2  msg.o
    0x0800e3e6   0x00000012   Code   RO         5690    i.unpackMMSlaveOnly  msg.o
    0x0800e3f8   0x0000000a   Code   RO         5691    i.unpackMMTime      msg.o
    0x0800e402   0x00000020   Code   RO         5692    i.unpackMMTimePropertiesDataSet  msg.o
    0x0800e422   0x00000012   Code   RO         5693    i.unpackMMTraceabilityProperties  msg.o
    0x0800e434   0x00000010   Code   RO         5694    i.unpackMMUserDescription  msg.o
    0x0800e444   0x00000020   Code   RO         5695    i.unpackMMUtcProperties  msg.o
    0x0800e464   0x0000001e   Code   RO         5696    i.unpackMMVersionNumber  msg.o
    0x0800e482   0x0000002a   Code   RO         5697    i.unpackManagementTLV  msg.o
    0x0800e4ac   0x0000005a   Code   RO         5698    i.unpackMsgHeader   msg.o
    0x0800e506   0x0000004a   Code   RO         5699    i.unpackMsgManagement  msg.o
    0x0800e550   0x00000016   Code   RO         5703    i.unpackPTPText     msg.o
    0x0800e566   0x00000020   Code   RO         5704    i.unpackPhysicalAddress  msg.o
    0x0800e586   0x0000001a   Code   RO         5706    i.unpackPortIdentity  msg.o
    0x0800e5a0   0x00000010   Code   RO         5708    i.unpackTimestamp   msg.o
    0x0800e5b0   0x000000dc   Code   RO         5358    i.updateClock       servo.o
    0x0800e68c   0x000000bc   Code   RO         5359    i.updateDelay       servo.o
    0x0800e748   0x000000f8   Code   RO         5360    i.updateOffset      servo.o
    0x0800e840   0x0000007a   Code   RO         5361    i.updatePeerDelay   servo.o
    0x0800e8ba   0x00000018   Data   RO         1540    .constdata          share.o
    0x0800e8d2   0x00000028   Data   RO         6809    .constdata          memp.o
    0x0800e8fa   0x00000002   PAD
    0x0800e8fc   0x00000054   Data   RO         7183    .constdata          tcp.o
    0x0800e950   0x00000004   Data   RO         7818    .constdata          ip_addr.o
    0x0800e954   0x0000000c   Data   RO         7993    .constdata          etharp.o
    0x0800e960   0x0000008d   Data   RO         4282    .conststring        protocol.o
    0x0800e9ed   0x00000003   PAD
    0x0800e9f0   0x000000bd   Data   RO         4445    .conststring        bmc.o
    0x0800eaad   0x00000003   PAD
    0x0800eab0   0x000001f8   Data   RO         5715    .conststring        msg.o
    0x0800eca8   0x00000075   Data   RO         7184    .conststring        tcp.o
    0x0800ed1d   0x00000003   PAD
    0x0800ed20   0x00000020   Data   RO         8438    Region$$Table       anon$$obj.o


    Execution Region RW_IRAM1 (Base: 0x20000000, Size: 0x0000ffb0, Max: 0x00030000, ABSOLUTE, COMPRESSED[0x00000020])

    Base Addr    Size         Type   Attr      Idx    E Section Name        Object

    0x20000000   0x00000008   Data   RW          558    .data               stm32f4x7_eth_bsp.o
    0x20000008   0x00000006   Data   RW          662    .data               ethernetif.o
    0x2000000e   0x00000006   Data   RW          749    .data               serial_hand.o
    0x20000014   0x00000008   Data   RW         1141    .data               can.o
    0x2000001c   0x00000010   Data   RW         1396    .data               main.o
    0x2000002c   0x00000001   Data   RW         1398    .data               main.o
    0x2000002d   0x00000003   PAD
    0x20000030   0x00000004   Data   RW         1399    .data               main.o
    0x20000034   0x00000008   Data   RW         1479    .data               netconf.o
    0x2000003c   0x00000004   Data   RW         1541    .data               share.o
    0x20000040   0x00000001   Data   RW         1542    .data               share.o
    0x20000041   0x00000001   Data   RW         1657    .data               ntp.o
    0x20000042   0x00000002   PAD
    0x20000044   0x00000004   Data   RW         1658    .data               ntp.o
    0x20000048   0x00000014   Data   RW         1842    .data               stm32f4x7_eth.o
    0x2000005c   0x00000010   Data   RW         2987    .data               stm32f4xx_rcc.o
    0x2000006c   0x00000004   Data   RW         4212    .data               ptpd.o
    0x20000070   0x00000020   Data   RW         4283    .data               protocol.o
    0x20000090   0x00000004   Data   RW         4506    .data               timer.o
    0x20000094   0x00000002   Data   RW         5362    .data               servo.o
    0x20000096   0x00000002   PAD
    0x20000098   0x0000000c   Data   RW         6759    .data               mem.o
    0x200000a4   0x0000000c   Data   RW         6866    .data               netif.o
    0x200000b0   0x00000004   Data   RW         7081    .data               raw.o
    0x200000b4   0x00000024   Data   RW         7185    .data               tcp.o
    0x200000d8   0x0000001c   Data   RW         7369    .data               tcp_in.o
    0x200000f4   0x00000008   Data   RW         7529    .data               udp.o
    0x200000fc   0x0000000c   Data   RW         7649    .data               igmp.o
    0x20000108   0x00000014   Data   RW         7771    .data               ip.o
    0x2000011c   0x00000008   Data   RW         7874    .data               ip_frag.o
    0x20000124   0x00000001   Data   RW         7994    .data               etharp.o
    0x20000125   0x00000003   PAD
    0x20000128   0x00000004   Data   RW         8088    .data               mc_w.l(rand.o)
    0x2000012c   0x00000004   Data   RW         8423    .data               mc_w.l(mvars.o)
    0x20000130   0x00000004   Data   RW         8424    .data               mc_w.l(mvars.o)
    0x20000134   0x000000bc   Zero   RW          557    .bss                stm32f4x7_eth_bsp.o
    0x200001f0   0x00000017   Zero   RW          748    .bss                serial_hand.o
    0x20000207   0x00000064   Zero   RW         1140    .bss                can.o
    0x2000026b   0x00000001   PAD
    0x2000026c   0x00000070   Zero   RW         1395    .bss                main.o
    0x200002dc   0x00000038   Zero   RW         1478    .bss                netconf.o
    0x20000314   0x000000a0   Zero   RW         1837    .bss                stm32f4x7_eth.o
    0x200003b4   0x00000020   Zero   RW         1838    .bss                stm32f4x7_eth.o
    0x200003d4   0x00001dc4   Zero   RW         1839    .bss                stm32f4x7_eth.o
    0x20002198   0x000005f4   Zero   RW         1840    .bss                stm32f4x7_eth.o
    0x2000278c   0x0000000c   Zero   RW         1841    .bss                stm32f4x7_eth.o
    0x20002798   0x00000b48   Zero   RW         4211    .bss                ptpd.o
    0x200032e0   0x0000010c   Zero   RW         4839    .bss                display.o
    0x200033ec   0x00005014   Zero   RW         6758    .bss                mem.o
    0x20008400   0x00006ed3   Zero   RW         6808    .bss                memp.o
    0x2000f2d3   0x00000001   PAD
    0x2000f2d4   0x00000010   Zero   RW         7368    .bss                tcp_in.o
    0x2000f2e4   0x000000c8   Zero   RW         7992    .bss                etharp.o
    0x2000f3ac   0x00000004   PAD
    0x2000f3b0   0x00000400   Zero   RW            2    HEAP                startup_stm32f427x.o
    0x2000f7b0   0x00000800   Zero   RW            1    STACK               startup_stm32f427x.o


==============================================================================

Image component sizes


      Code (inc. data)   RO Data    RW Data    ZI Data      Debug   Object Name

       520         38          0          0          0       8408   arith.o
      1854        252        189          0          0       7040   bmc.o
       710        108          0          8        100      29241   can.o
        16          0          0          0          0       2784   def.o
       338        186          0          0        268       5719   display.o
      1880         70         12          1        200      14413   etharp.o
      1068        146          0          6          0      13283   ethernetif.o
       472         74          0          0          0       2974   flash_hand.o
       410         38          0          0          0       2110   fpga.o
       368         10          0          0          0       3510   icmp.o
       920         50          0         12          0       9231   igmp.o
         0          0          0          0          0       3904   inet.o
       172          0          0          0          0       2821   inet_chksum.o
         0          0          0          0          0        800   init.o
       780         26          0         20          0       8068   ip.o
       294          6          4          0          0       8896   ip_addr.o
      1270         26          0          8          0       8333   ip_frag.o
       618         64          0          0          0      30465   lcdmessage.o
      1004        182          0         21        112      34998   main.o
      3094        108          0          0          0      22669   management.o
       588         34          0         12      20500       5349   mem.o
       172         20         40          0      28371       4370   memp.o
       164         22          0          0          0       2915   misc.o
      7572       1654        504          0          0      99595   msg.o
      1636        570          0          0          0      13573   net.o
       388        140          0          8         56      12758   netconf.o
       308         18          0         12          0       7838   netif.o
       564        104          0          5          0       3802   ntp.o
      1072          0          0          0          0      10103   pbuf.o
      9304       1864        141         32          0      27920   protocol.o
      1160        420          0          4       2888       3948   ptpd.o
       116         12          0          4          0       1708   raw.o
       564         54          0          6         23     239198   serial_hand.o
      1010        104          0          2          0      22096   servo.o
      1146        132         24          5          0       8550   share.o
       220         80          0          0          0       1398   startup.o
        36          8        428          0       3072        852   startup_stm32f427x.o
      2300        296          0         20       9348      28732   stm32f4x7_eth.o
      1262         88          0          8        188      35680   stm32f4x7_eth_bsp.o
       868         30          0          0          0       5725   stm32f4xx_can.o
       156         14          0          0          0       2432   stm32f4xx_exti.o
       342         44          0          0          0       5718   stm32f4xx_flash.o
       208          0          0          0          0       3680   stm32f4xx_gpio.o
       132         14          0          0          0     332919   stm32f4xx_it.o
       292         52          0         16          0       6826   stm32f4xx_rcc.o
        60         10          0          0          0       1322   stm32f4xx_syscfg.o
       516         42          0          0          0       7098   stm32f4xx_usart.o
        64          0          0          0          0       2402   stmptp_sys_time.o
       296         40          0          0          0     232185   system_stm32f4xx.o
      1928         68        201         36          0      23914   tcp.o
      3114        126          0         28         16      16495   tcp_in.o
      1670         10          0          0          0      10855   tcp_out.o
       174         16          0          4          0      20266   timer.o
         2          0          0          0          0        551   timers.o
       850         22          0          8          0       8616   udp.o

    ----------------------------------------------------------------------
     56118       7492       1586        296      65148    1431056   Object Totals
         0          0         32          0          0          0   (incl. Generated)
        76          0         11         10          6          0   (incl. Padding)

    ----------------------------------------------------------------------

      Code (inc. data)   RO Data    RW Data    ZI Data      Debug   Library Member Name

        86          0          0          0          0          0   __dczerorl2.o
        28          0          0          0          0         76   calloc.o
         0          0          0          0          0          0   entry.o
         0          0          0          0          0          0   entry10a.o
         0          0          0          0          0          0   entry11a.o
         8          4          0          0          0          0   entry2.o
         4          0          0          0          0          0   entry5.o
         0          0          0          0          0          0   entry7b.o
         0          0          0          0          0          0   entry8b.o
         8          4          0          0          0          0   entry9a.o
        30          0          0          0          0          0   handlers.o
        36          8          0          0          0         68   init.o
         0          0          0          0          0          0   iusefp.o
        98          0          0          0          0         84   ldiv.o
        30          0          0          0          0         68   llshl.o
        36          0          0          0          0         68   llsshr.o
        32          0          0          0          0         68   llushr.o
       188         20          0          0          0        160   malloc.o
        26          0          0          0          0         80   memcmp.o
        36          0          0          0          0         68   memcpya.o
        36          0          0          0          0        108   memseta.o
         0          0          0          8          0          0   mvars.o
      1216         58          0          0          0        504   printf8.o
        36         10          0          4          0        136   rand.o
        14          0          0          0          0         68   strlen.o
        98          0          0          0          0         92   uldiv.o
        56          0          0          0          0         88   d2f.o
       334          0          0          0          0        148   dadd.o
       222          0          0          0          0        100   ddiv.o
       186          0          0          0          0        176   depilogue.o
        34          0          0          0          0         76   dflti.o
        38          0          0          0          0         68   f2d.o
       110          0          0          0          0        168   fepilogue.o

    ----------------------------------------------------------------------
      3032        104          0         12          0       2472   Library Totals
         6          0          0          0          0          0   (incl. Padding)

    ----------------------------------------------------------------------

      Code (inc. data)   RO Data    RW Data    ZI Data      Debug   Library Name

      2046        104          0         12          0       1648   mc_w.l
       980          0          0          0          0        824   mf_w.l

    ----------------------------------------------------------------------
      3032        104          0         12          0       2472   Library Totals

    ----------------------------------------------------------------------

==============================================================================


      Code (inc. data)   RO Data    RW Data    ZI Data      Debug   

     59150       7596       1586        308      65148    1382012   Grand Totals
     59150       7596       1586         32      65148    1382012   ELF Image Totals (compressed)
     59150       7596       1586         32          0          0   ROM Totals

==============================================================================

    Total RO  Size (Code + RO Data)                60736 (  59.31kB)
    Total RW  Size (RW Data + ZI Data)             65456 (  63.92kB)
    Total ROM Size (Code + RO Data + RW Data)      60768 (  59.34kB)

==============================================================================

